Microchip MPLAB XC8 Compiler V2.05 ()

Linker command line:

-W-3 --edf=/opt/microchip/xc8/v2.05/pic/dat/en_msgs.txt -cs \
  -h+dist/default/debug/EE475_Capstone.X.debug.sym \
  --cmf=dist/default/debug/EE475_Capstone.X.debug.cmf -z -Q18F452 \
  -o/tmp/xcX9TrGRR --defsym=__MPLAB_BUILD=1 \
  -Mdist/default/debug/EE475_Capstone.X.debug.map -E1 -ver=XC8 --acfsm=1493 \
  -ASTACK=0F1h-05F3h -pstack=STACK -ACODE=00h-03FFFh,04000h-07DBFh \
  -ACONST=00h-07DBFh -ASMALLCONST=0600h-06FFhx119,07D00h-07DBFh \
  -AMEDIUMCONST=0600h-07DBFh -ACOMRAM=01h-07Fh -AABS1=00h-05F3h \
  -ABIGRAM=01h-05F3h -ARAM=080h-0FFh,0100h-01FFhx4,0500h-05F3h \
  -ABANK0=080h-0FFh -ABANK1=0100h-01FFh -ABANK2=0200h-02FFh \
  -ABANK3=0300h-03FFh -ABANK4=0400h-04FFh -ABANK5=0500h-05F3h \
  -ASFR=0F80h-0F9Bh,0F9Dh-0FD3h,0FD5h-0FDAh,0FE0h-0FE2h,0FE8h-0FEAh,0FF0h-0FFCh \
  -preset_vec=00h,intcode=08h,intcodelo,powerup,init -pramtop=0600h \
  -psmallconst=SMALLCONST -pmediumconst=MEDIUMCONST -pconst=CONST \
  -AFARRAM=00h-00h -ACONFIG=0300000h-030000Dh -pconfig=CONFIG \
  -AIDLOC=0200000h-0200007h -pidloc=IDLOC -AEEDATA=0F00000h-0F000FFh \
  -peeprom_data=EEDATA \
  -prdata=COMRAM,nvrram=COMRAM,nvbit=COMRAM,rbss=COMRAM,rbit=COMRAM \
  -pfarbss=FARRAM,fardata=FARRAM,nvFARRAM=FARRAM \
  -pintsave_regs=BIGRAM,bigbss=BIGRAM,bigdata=BIGRAM -pbss=RAM \
  -pidata=CODE,irdata=CODE,ibigdata=CODE,ifardata=CODE -prparam=COMRAM \
  /tmp/xcXXZQ22B.o dist/default/debug/EE475_Capstone.X.debug.o 

Object code version is 3.11

Machine type is 18F452

Call graph: (short form)




                Name                               Link     Load   Length Selector   Space Scale
/tmp/xcXXZQ22B.o
                text                               3B36     3B36        2     1D98       0
                init                                 34       34        4        4       0
                reset_vec                             0        0        6        0       0
                idloc                            200000   200000        8   200000       0
                config                           300000   300000        E   300000       0
dist/default/debug/EE475_Capstone.X.debug.o
                intcode                               8        8       2C        4       0
                temp                                 7F       7F        1        1       1
                smallconst                          600      600       4C      300       0
                text52                             3B20     3B20        8      326       0
                text50                             3A78     3A78       26      326       0
                text49                             3B18     3B18        8      326       0
                text48                             2F44     2F44       D4      326       0
                text47                             3446     3446       90      326       0
                text46                             3B00     3B00        E      326       0
                text45                             36C4     36C4       54      326       0
                text44                             17EC     17EC      382      326       0
                text43                             1B6E     1B6E      344      326       0
                text42                             3766     3766       4A      326       0
                text41                             2992     2992      15C      326       0
                text40                             3018     3018       CA      326       0
                text39                             3ADA     3ADA       14      326       0
                text38                             3AC6     3AC6       14      326       0
                text37                             3AB2     3AB2       14      326       0
                text36                             3A9E     3A9E       14      326       0
                text35                             383C     383C       44      326       0
                text34                             3B0E     3B0E        A      326       0
                text33                             34D6     34D6       8C      326       0
                text32                             3AEE     3AEE       12      326       0
                text31                             3A4E     3A4E       2A      326       0
                text30                             39E4     39E4       38      326       0
                text29                             37F8     37F8       44      326       0
                text28                             26D0     26D0      166      326       0
                text27                             3B30     3B30        6     1D98       0
                text26                             3260     3260       AC      326       0
                text25                             3880     3880       42      326       0
                text24                             3A1C     3A1C       32      326       0
                text23                             330C     330C       AA      326       0
                text22                             366E     366E       56      326       0
                text21                             2836     2836      15C      326       0
                text20                             2C32     2C32      138      326       0
                text19                             38FE     38FE       3C      326       0
                text18                             1EB2     1EB2      26A      326       0
                text17                             2536     2536      19A      326       0
                text16                             2AEE     2AEE      144      326       0
                text15                             30E2     30E2       C2      326       0
                text14                             2E68     2E68       DC      326       0
                text13                             31A4     31A4       BC      326       0
                text12                             2374     2374      1C2      326       0
                text11                             38C2     38C2       3C      326       0
                text10                             39AC     39AC       38      326       0
                text9                              3974     3974       38      326       0
                text8                              3618     3618       56      326       0
                text7                              211C     211C      258      326       0
                text6                               64C      64C     11A0      326       0
                text5                              3562     3562       60      326       0
                text4                              35C2     35C2       56      326       0
                text3                              37B0     37B0       48      326       0
                text2                              33B6     33B6       90      326       0
                text1                              3718     3718       4E      326       0
                text0                              2D6A     2D6A       FE      326       0
                cstackCOMRAM                          1        1       7E        1       1
                cstackBANK0                          B8       B8       32       80       1
                dataBANK0                            EA       EA        7       80       1
                bssBANK0                             80       80       38       80       1
                cinit                              393A     393A       3A      326       0
                idataBANK0                         3B28     3B28        7      326       0

TOTAL           Name                               Link     Load   Length     Space
        CLASS   STACK          

        CLASS   CODE           
                intcode                               8        8       2C         0
                text                               3B36     3B36        2         0
                init                                 34       34        4         0
                reset_vec                             0        0        6         0
                text52                             3B20     3B20        8         0
                text50                             3A78     3A78       26         0
                text49                             3B18     3B18        8         0
                text48                             2F44     2F44       D4         0
                text47                             3446     3446       90         0
                text46                             3B00     3B00        E         0
                text45                             36C4     36C4       54         0
                text44                             17EC     17EC      382         0
                text43                             1B6E     1B6E      344         0
                text42                             3766     3766       4A         0
                text41                             2992     2992      15C         0
                text40                             3018     3018       CA         0
                text39                             3ADA     3ADA       14         0
                text38                             3AC6     3AC6       14         0
                text37                             3AB2     3AB2       14         0
                text36                             3A9E     3A9E       14         0
                text35                             383C     383C       44         0
                text34                             3B0E     3B0E        A         0
                text33                             34D6     34D6       8C         0
                text32                             3AEE     3AEE       12         0
                text31                             3A4E     3A4E       2A         0
                text30                             39E4     39E4       38         0
                text29                             37F8     37F8       44         0
                text28                             26D0     26D0      166         0
                text27                             3B30     3B30        6         0
                text26                             3260     3260       AC         0
                text25                             3880     3880       42         0
                text24                             3A1C     3A1C       32         0
                text23                             330C     330C       AA         0
                text22                             366E     366E       56         0
                text21                             2836     2836      15C         0
                text20                             2C32     2C32      138         0
                text19                             38FE     38FE       3C         0
                text18                             1EB2     1EB2      26A         0
                text17                             2536     2536      19A         0
                text16                             2AEE     2AEE      144         0
                text15                             30E2     30E2       C2         0
                text14                             2E68     2E68       DC         0
                text13                             31A4     31A4       BC         0
                text12                             2374     2374      1C2         0
                text11                             38C2     38C2       3C         0
                text10                             39AC     39AC       38         0
                text9                              3974     3974       38         0
                text8                              3618     3618       56         0
                text7                              211C     211C      258         0
                text6                               64C      64C     11A0         0
                text5                              3562     3562       60         0
                text4                              35C2     35C2       56         0
                text3                              37B0     37B0       48         0
                text2                              33B6     33B6       90         0
                text1                              3718     3718       4E         0
                text0                              2D6A     2D6A       FE         0
                cinit                              393A     393A       3A         0
                idataBANK0                         3B28     3B28        7         0

        CLASS   CONST          

        CLASS   SMALLCONST     
                smallconst                          600      600       4C         0

        CLASS   MEDIUMCONST    

        CLASS   COMRAM         
                temp                                 7F       7F        1         1
                cstackCOMRAM                          1        1       7E         1

        CLASS   ABS1           

        CLASS   BIGRAM         

        CLASS   RAM            

        CLASS   BANK0          
                cstackBANK0                          B8       B8       32         1
                dataBANK0                            EA       EA        7         1
                bssBANK0                             80       80       38         1

        CLASS   BANK1          

        CLASS   BANK2          

        CLASS   BANK3          

        CLASS   BANK4          

        CLASS   BANK5          

        CLASS   SFR            

        CLASS   FARRAM         

        CLASS   CONFIG         
                config                           300000   300000        E         0

        CLASS   IDLOC          
                idloc                            200000   200000        8         0

        CLASS   EEDATA         



SEGMENTS        Name                           Load    Length   Top    Selector   Space  Class

                reset_vec                      000000  000006  000006         0       0  CODE    
                cstackCOMRAM                   000001  00007F  000080         1       1  COMRAM  
                intcode                        000008  000030  000038         4       0  CODE    
                bssBANK0                       000080  000071  0000F1        80       1  BANK0   
                smallconst                     000600  00004C  00064C       300       0  SMALLCON
                text6                          00064C  0034E3  003B2F       326       0  CODE    
                text27                         003B30  000008  003B38      1D98       0  CODE    
                idloc                          200000  000008  200008    200000       0  IDLOC   
                config                         300000  00000E  30000E    300000       0  CONFIG  


UNUSED ADDRESS RANGES

        Name                Unused          Largest block    Delta
        BANK0            0000F1-0000FF                F
        BANK1            000100-0001FF              100
        BANK2            000200-0002FF              100
        BANK3            000300-0003FF              100
        BANK4            000400-0004FF              100
        BANK5            000500-0005F3               F4
        BIGRAM           0000F1-0005F3              503
        CODE             000006-000007                2
                         000038-0005FF              5C8
                         003B2F-003B2F                1
                         003B38-007DBF              4C8
        CONST            000006-000007                2
                         000038-0005FF              5C8
                         003B2F-003B2F                1
                         003B38-007DBF             4288
        EEDATA           F00000-F000FF              100
        MEDIUMCONST      003B2F-003B2F                1
                         003B38-007DBF             4288
        RAM              0000F1-0005F3              100
        SFR              000F80-000F9B               1C
                         000F9D-000FD3               37
                         000FD5-000FDA                6
                         000FE0-000FE2                3
                         000FE8-000FEA                3
                         000FF0-000FFC                D
        SMALLCONST       003B2F-003B2F                1
                         003B38-007DBF              100
        STACK            0000F1-0005F3              503

                                  Symbol Table

?_ADC_Read                                                 cstackCOMRAM 000001
?___aodiv                                                  cstackCOMRAM 000001
?___aomod                                                  cstackCOMRAM 000001
?___fladd                                                  cstackCOMRAM 000001
?___flmul                                                  cstackCOMRAM 00000F
?___flsub                                                  cstackCOMRAM 000028
?___fltol                                                  cstackCOMRAM 00003E
?___lldiv                                                  cstackCOMRAM 000001
?___lodiv                                                  cstackCOMRAM 000001
?___lomod                                                  cstackCOMRAM 000001
?___wmul                                                   cstackCOMRAM 000001
?___xxtofl                                                 cstackCOMRAM 000001
?_abs                                                      cstackCOMRAM 000013
?_atoi                                                     cstackCOMRAM 000008
?_ctoa                                                     cstackCOMRAM 00001C
?_dtoa                                                     cstackCOMRAM 00001C
?_fgetc                                                    cstackCOMRAM 000003
?_get_temp                                                 cstackCOMRAM 000030
?_getch                                                    cstackCOMRAM 000001
?_int_to_char                                              cstackCOMRAM 00007A
?_isalpha                                                  cstackCOMRAM 000001
?_isdigit                                                  cstackCOMRAM 000001
?_islower                                                  cstackCOMRAM 000001
?_isspace                                                  cstackCOMRAM 000001
?_isupper                                                  cstackCOMRAM 000001
?_otoa                                                     cstackCOMRAM 00001C
?_pad                                                      cstackCOMRAM 000011
?_sprintf                                                  cstackBANK0  0000B8
?_stoa                                                     cstackCOMRAM 00000A
?_strlen                                                   cstackCOMRAM 000001
?_strncmp                                                  cstackCOMRAM 000001
?_toupper                                                  cstackCOMRAM 000007
?_utoa                                                     cstackCOMRAM 00001C
?_vfpfcnvrt                                                cstackCOMRAM 000043
?_vfprintf                                                 cstackCOMRAM 000072
?_xtoa                                                     cstackCOMRAM 00001C
ADC_Read@channel                                           cstackCOMRAM 000005
UARTSendChar@c                                             cstackCOMRAM 000001
UARTSendString@c                                           cstackBANK0  0000D8
UARTSendString@i                                           cstackBANK0  0000DA
_ADCON0                                                    (abs)        000FC2
_ADCON1                                                    (abs)        000FC1
_ADC_Init                                                  text46       003B00
_ADC_Read                                                  text45       0036C4
_ADRESH                                                    (abs)        000FC4
_ADRESL                                                    (abs)        000FC3
_GO_nDONE                                                  (abs)        007E12
_INTCON2bits                                               (abs)        000FF1
_INTCONbits                                                (abs)        000FF2
_PORTA                                                     (abs)        000F80
_PORTB                                                     (abs)        000F81
_PORTCbits                                                 (abs)        000F82
_PORTD                                                     (abs)        000F83
_RCIF                                                      (abs)        007CF5
_RCONbits                                                  (abs)        000FD0
_RCREG1                                                    (abs)        000FAE
_RCSTA                                                     (abs)        000FAB
_RCSTAbits                                                 (abs)        000FAB
_SPBRG                                                     (abs)        000FAF
_SSPBUF                                                    (abs)        000FC9
_SSPCON1                                                   (abs)        000FC6
_SSPSTATbits                                               (abs)        000FC7
_T0CON                                                     (abs)        000FD5
_T0CONbits                                                 (abs)        000FD5
_TMR0H                                                     (abs)        000FD7
_TMR0IE                                                    (abs)        007F95
_TMR0IF                                                    (abs)        007F92
_TMR0L                                                     (abs)        000FD6
_TRISA                                                     (abs)        000F92
_TRISB                                                     (abs)        000F93
_TRISC                                                     (abs)        000F94
_TRISCbits                                                 (abs)        000F94
_TRISD                                                     (abs)        000F95
_TXREG                                                     (abs)        000FAD
_TXSTAbits                                                 (abs)        000FAC
_Timer0_Init                                               text50       003A78
_Timer0_StartTimer                                         text49       003B18
_UARTNewLine                                               text36       003A9E
_UARTSendChar                                              text37       003AB2
_UARTSendString                                            text35       00383C
__CFG_WDT$OFF                                              (abs)        000000
__HRAM                                                     (abs)        000000
__Habs1                                                    abs1         000000
__Hbank0                                                   bank0        000000
__Hbank1                                                   bank1        000000
__Hbank2                                                   bank2        000000
__Hbank3                                                   bank3        000000
__Hbank4                                                   bank4        000000
__Hbank5                                                   bank5        000000
__Hbigbss                                                  bigbss       000000
__Hbigdata                                                 bigdata      000000
__Hbigram                                                  bigram       000000
__Hbss                                                     bss          000000
__HbssBANK0                                                bssBANK0     000000
__Hcinit                                                   cinit        000000
__Hclrtext                                                 clrtext      000000
__Hcomram                                                  comram       000000
__Hconfig                                                  config       30000E
__Hconst                                                   const        000000
__HcstackBANK0                                             cstackBANK0  000000
__HcstackCOMRAM                                            cstackCOMRAM 000000
__Hdata                                                    data         000000
__HdataBANK0                                               dataBANK0    000000
__Heeprom_data                                             eeprom_data  000000
__Hfarbss                                                  farbss       000000
__Hfardata                                                 fardata      000000
__Hibigdata                                                ibigdata     000000
__Hidata                                                   idata        000000
__HidataBANK0                                              idataBANK0   000000
__Hidloc                                                   idloc        200008
__Hifardata                                                ifardata     000000
__Hinit                                                    init         000038
__Hintcode                                                 intcode      000034
__Hintcode_body                                            intcode_body 000000
__Hintcodelo                                               intcodelo    000034
__Hintentry                                                intentry     000000
__Hintret                                                  intret       000000
__Hintsave_regs                                            intsave_regs 000000
__Hirdata                                                  irdata       000000
__Hmediumconst                                             mediumconst  000000
__HnvFARRAM                                                nvFARRAM     000000
__Hnvbit                                                   nvbit        000000
__Hnvrram                                                  nvrram       000000
__Hparam                                                   rparam       000000
__Hpowerup                                                 powerup      000034
__Hram                                                     ram          000000
__Hramtop                                                  ramtop       000600
__Hrbit                                                    rbit         000000
__Hrbss                                                    rbss         000000
__Hrdata                                                   rdata        000000
__Hreset_vec                                               reset_vec    000006
__Hrparam                                                  rparam       000000
__Hsfr                                                     sfr          000000
__Hsmallconst                                              smallconst   00064C
__Hspace_0                                                 (abs)        30000E
__Hspace_1                                                 (abs)        0000F1
__Hspace_2                                                 (abs)        000000
__Hstack                                                   stack        000000
__Hstruct                                                  struct       000000
__Htemp                                                    temp         000080
__Htext                                                    text         000000
__Htext0                                                   text0        000000
__Htext1                                                   text1        000000
__Htext10                                                  text10       000000
__Htext11                                                  text11       000000
__Htext12                                                  text12       000000
__Htext13                                                  text13       000000
__Htext14                                                  text14       000000
__Htext15                                                  text15       000000
__Htext16                                                  text16       000000
__Htext17                                                  text17       000000
__Htext18                                                  text18       000000
__Htext19                                                  text19       000000
__Htext2                                                   text2        000000
__Htext20                                                  text20       000000
__Htext21                                                  text21       000000
__Htext22                                                  text22       000000
__Htext23                                                  text23       000000
__Htext24                                                  text24       000000
__Htext25                                                  text25       000000
__Htext26                                                  text26       000000
__Htext27                                                  text27       000000
__Htext28                                                  text28       000000
__Htext29                                                  text29       000000
__Htext3                                                   text3        000000
__Htext30                                                  text30       000000
__Htext31                                                  text31       000000
__Htext32                                                  text32       000000
__Htext33                                                  text33       000000
__Htext34                                                  text34       000000
__Htext35                                                  text35       000000
__Htext36                                                  text36       000000
__Htext37                                                  text37       000000
__Htext38                                                  text38       000000
__Htext39                                                  text39       000000
__Htext4                                                   text4        000000
__Htext40                                                  text40       000000
__Htext41                                                  text41       000000
__Htext42                                                  text42       000000
__Htext43                                                  text43       000000
__Htext44                                                  text44       000000
__Htext45                                                  text45       000000
__Htext46                                                  text46       000000
__Htext47                                                  text47       000000
__Htext48                                                  text48       000000
__Htext49                                                  text49       000000
__Htext5                                                   text5        000000
__Htext50                                                  text50       000000
__Htext52                                                  text52       000000
__Htext6                                                   text6        000000
__Htext7                                                   text7        000000
__Htext8                                                   text8        000000
__Htext9                                                   text9        000000
__LRAM                                                     (abs)        000001
__Labs1                                                    abs1         000000
__Lbank0                                                   bank0        000000
__Lbank1                                                   bank1        000000
__Lbank2                                                   bank2        000000
__Lbank3                                                   bank3        000000
__Lbank4                                                   bank4        000000
__Lbank5                                                   bank5        000000
__Lbigbss                                                  bigbss       000000
__Lbigdata                                                 bigdata      000000
__Lbigram                                                  bigram       000000
__Lbss                                                     bss          000000
__LbssBANK0                                                bssBANK0     000000
__Lcinit                                                   cinit        000000
__Lclrtext                                                 clrtext      000000
__Lcomram                                                  comram       000000
__Lconfig                                                  config       300000
__Lconst                                                   const        000000
__LcstackBANK0                                             cstackBANK0  000000
__LcstackCOMRAM                                            cstackCOMRAM 000000
__Ldata                                                    data         000000
__LdataBANK0                                               dataBANK0    000000
__Leeprom_data                                             eeprom_data  000000
__Lfarbss                                                  farbss       000000
__Lfardata                                                 fardata      000000
__Libigdata                                                ibigdata     000000
__Lidata                                                   idata        000000
__LidataBANK0                                              idataBANK0   000000
__Lidloc                                                   idloc        200000
__Lifardata                                                ifardata     000000
__Linit                                                    init         000034
__Lintcode                                                 intcode      000008
__Lintcode_body                                            intcode_body 000000
__Lintcodelo                                               intcodelo    000034
__Lintentry                                                intentry     000000
__Lintret                                                  intret       000000
__Lintsave_regs                                            intsave_regs 000000
__Lirdata                                                  irdata       000000
__Lmediumconst                                             mediumconst  000000
__LnvFARRAM                                                nvFARRAM     000000
__Lnvbit                                                   nvbit        000000
__Lnvrram                                                  nvrram       000000
__Lparam                                                   rparam       000000
__Lpowerup                                                 powerup      000034
__Lram                                                     ram          000000
__Lramtop                                                  ramtop       000600
__Lrbit                                                    rbit         000000
__Lrbss                                                    rbss         000000
__Lrdata                                                   rdata        000000
__Lreset_vec                                               reset_vec    000000
__Lrparam                                                  rparam       000000
__Lsfr                                                     sfr          000000
__Lsmallconst                                              smallconst   000600
__Lspace_0                                                 (abs)        000000
__Lspace_1                                                 (abs)        000000
__Lspace_2                                                 (abs)        000000
__Lstack                                                   stack        000000
__Lstruct                                                  struct       000000
__Ltemp                                                    temp         00007F
__Ltext                                                    text         000000
__Ltext0                                                   text0        000000
__Ltext1                                                   text1        000000
__Ltext10                                                  text10       000000
__Ltext11                                                  text11       000000
__Ltext12                                                  text12       000000
__Ltext13                                                  text13       000000
__Ltext14                                                  text14       000000
__Ltext15                                                  text15       000000
__Ltext16                                                  text16       000000
__Ltext17                                                  text17       000000
__Ltext18                                                  text18       000000
__Ltext19                                                  text19       000000
__Ltext2                                                   text2        000000
__Ltext20                                                  text20       000000
__Ltext21                                                  text21       000000
__Ltext22                                                  text22       000000
__Ltext23                                                  text23       000000
__Ltext24                                                  text24       000000
__Ltext25                                                  text25       000000
__Ltext26                                                  text26       000000
__Ltext27                                                  text27       000000
__Ltext28                                                  text28       000000
__Ltext29                                                  text29       000000
__Ltext3                                                   text3        000000
__Ltext30                                                  text30       000000
__Ltext31                                                  text31       000000
__Ltext32                                                  text32       000000
__Ltext33                                                  text33       000000
__Ltext34                                                  text34       000000
__Ltext35                                                  text35       000000
__Ltext36                                                  text36       000000
__Ltext37                                                  text37       000000
__Ltext38                                                  text38       000000
__Ltext39                                                  text39       000000
__Ltext4                                                   text4        000000
__Ltext40                                                  text40       000000
__Ltext41                                                  text41       000000
__Ltext42                                                  text42       000000
__Ltext43                                                  text43       000000
__Ltext44                                                  text44       000000
__Ltext45                                                  text45       000000
__Ltext46                                                  text46       000000
__Ltext47                                                  text47       000000
__Ltext48                                                  text48       000000
__Ltext49                                                  text49       000000
__Ltext5                                                   text5        000000
__Ltext50                                                  text50       000000
__Ltext52                                                  text52       000000
__Ltext6                                                   text6        000000
__Ltext7                                                   text7        000000
__Ltext8                                                   text8        000000
__Ltext9                                                   text9        000000
__S0                                                       (abs)        30000E
__S1                                                       (abs)        0000F1
__S2                                                       (abs)        000000
___aodiv                                                   text21       002836
___aodiv@counter                                           cstackCOMRAM 000011
___aodiv@dividend                                          cstackCOMRAM 000001
___aodiv@divisor                                           cstackCOMRAM 000009
___aodiv@quotient                                          cstackCOMRAM 000013
___aodiv@sign                                              cstackCOMRAM 000012
___aomod                                                   text20       002C32
___aomod@counter                                           cstackCOMRAM 000011
___aomod@dividend                                          cstackCOMRAM 000001
___aomod@divisor                                           cstackCOMRAM 000009
___aomod@sign                                              cstackCOMRAM 000012
___fladd                                                   text43       001B6E
___fladd@a                                                 cstackCOMRAM 000005
___fladd@aexp                                              cstackCOMRAM 00000E
___fladd@b                                                 cstackCOMRAM 000001
___fladd@bexp                                              cstackCOMRAM 00000F
___fladd@grs                                               cstackCOMRAM 000010
___fladd@signs                                             cstackCOMRAM 00000D
___flmul                                                   text44       0017EC
___flmul@a                                                 cstackCOMRAM 000013
___flmul@aexp                                              cstackCOMRAM 000020
___flmul@b                                                 cstackCOMRAM 00000F
___flmul@bexp                                              cstackCOMRAM 000021
___flmul@grs                                               cstackCOMRAM 00001C
___flmul@prod                                              cstackCOMRAM 000022
___flmul@sign                                              cstackCOMRAM 00001B
___flmul@temp                                              cstackCOMRAM 000026
___flsub                                                   text42       003766
___flsub@a                                                 cstackCOMRAM 00002C
___flsub@b                                                 cstackCOMRAM 000028
___fltol                                                   text48       002F44
___fltol@exp1                                              cstackCOMRAM 000047
___fltol@f1                                                cstackCOMRAM 00003E
___fltol@sign1                                             cstackCOMRAM 000046
___inthi_sp                                                stack        000000
___intlo_sp                                                stack        000000
___lldiv                                                   text47       003446
___lldiv@counter                                           cstackCOMRAM 00000D
___lldiv@dividend                                          cstackCOMRAM 000001
___lldiv@divisor                                           cstackCOMRAM 000005
___lldiv@quotient                                          cstackCOMRAM 000009
___lodiv                                                   text14       002E68
___lodiv@counter                                           cstackCOMRAM 000019
___lodiv@dividend                                          cstackCOMRAM 000001
___lodiv@divisor                                           cstackCOMRAM 000009
___lodiv@quotient                                          cstackCOMRAM 000011
___lomod                                                   text13       0031A4
___lomod@counter                                           cstackCOMRAM 000011
___lomod@dividend                                          cstackCOMRAM 000001
___lomod@divisor                                           cstackCOMRAM 000009
___param_bank                                              (abs)        000000
___rparam_used                                             (abs)        000001
___sp                                                      stack        000000
___wmul                                                    text31       003A4E
___wmul@multiplicand                                       cstackCOMRAM 000003
___wmul@multiplier                                         cstackCOMRAM 000001
___wmul@product                                            cstackCOMRAM 000005
___xxtofl                                                  text41       002992
___xxtofl@arg                                              cstackCOMRAM 00000B
___xxtofl@exp                                              cstackCOMRAM 00000A
___xxtofl@sign                                             cstackCOMRAM 000009
___xxtofl@val                                              cstackCOMRAM 000001
__accesstop                                                (abs)        000080
__activetblptr                                             (abs)        000002
__cntErrataNOP_/tmp/xcXXZQ22B.o                            (abs)        000001
__cntErrataNOP_dist/default/debug/EE475_Capstone.X.debug.o (abs)        00018F
__end_of_ADC_Init                                          text46       003B0E
__end_of_ADC_Read                                          text45       003718
__end_of_Timer0_Init                                       text50       003A9E
__end_of_Timer0_StartTimer                                 text49       003B20
__end_of_UARTNewLine                                       text36       003AB2
__end_of_UARTSendChar                                      text37       003AC6
__end_of_UARTSendString                                    text35       003880
__end_of___aodiv                                           text21       002992
__end_of___aomod                                           text20       002D6A
__end_of___fladd                                           text43       001EB2
__end_of___flmul                                           text44       001B6E
__end_of___flsub                                           text42       0037B0
__end_of___fltol                                           text48       003018
__end_of___lldiv                                           text47       0034D6
__end_of___lodiv                                           text14       002F44
__end_of___lomod                                           text13       003260
__end_of___wmul                                            text31       003A78
__end_of___xxtofl                                          text41       002AEE
__end_of__initialization                                   cinit        003966
__end_of_abs                                               text19       00393A
__end_of_atoi                                              text28       002836
__end_of_ctoa                                              text22       0036C4
__end_of_dtoa                                              text18       00211C
__end_of_fgetc                                             text33       003562
__end_of_fputc                                             text26       00330C
__end_of_fputs                                             text25       0038C2
__end_of_get_temp                                          text40       0030E2
__end_of_getch                                             text34       003B18
__end_of_getchar                                           text32       003B00
__end_of_initialize_RX                                     text39       003AEE
__end_of_initialize_TX                                     text38       003ADA
__end_of_int_to_char                                       text3        0037F8
__end_of_isalpha                                           text11       0038FE
__end_of_isdigit                                           text30       003A1C
__end_of_islower                                           text9        0039AC
__end_of_isspace                                           text29       00383C
__end_of_isupper                                           text10       0039E4
__end_of_main                                              text0        002E68
__end_of_otoa                                              text17       0026D0
__end_of_pad                                               text23       0033B6
__end_of_putch                                             text27       003B36
__end_of_read_op                                           text2        003446
__end_of_sprintf                                           text4        003618
__end_of_stoa                                              text16       002C32
__end_of_strlen                                            text24       003A4E
__end_of_strncmp                                           text15       0031A4
__end_of_timingISR                                         intcode      000034
__end_of_toupper                                           text8        00366E
__end_of_utoa                                              text12       002536
__end_of_vfpfcnvrt                                         text6        0017EC
__end_of_vfprintf                                          text5        0035C2
__end_of_write_op                                          text1        003766
__end_of_xtoa                                              text7        002374
__end_ofi2_Timer0_StartTimer                               text52       003B28
__initialization                                           cinit        00393A
__mediumconst                                              mediumconst  000000
__pbssBANK0                                                bssBANK0     000080
__pcinit                                                   cinit        00393A
__pcstackBANK0                                             cstackBANK0  0000B8
__pcstackCOMRAM                                            cstackCOMRAM 000001
__pdataBANK0                                               dataBANK0    0000EA
__pidataBANK0                                              idataBANK0   003B28
__pintcode                                                 intcode      000008
__psmallconst                                              smallconst   000600
__ptext0                                                   text0        002D6A
__ptext1                                                   text1        003718
__ptext10                                                  text10       0039AC
__ptext11                                                  text11       0038C2
__ptext12                                                  text12       002374
__ptext13                                                  text13       0031A4
__ptext14                                                  text14       002E68
__ptext15                                                  text15       0030E2
__ptext16                                                  text16       002AEE
__ptext17                                                  text17       002536
__ptext18                                                  text18       001EB2
__ptext19                                                  text19       0038FE
__ptext2                                                   text2        0033B6
__ptext20                                                  text20       002C32
__ptext21                                                  text21       002836
__ptext22                                                  text22       00366E
__ptext23                                                  text23       00330C
__ptext24                                                  text24       003A1C
__ptext25                                                  text25       003880
__ptext26                                                  text26       003260
__ptext27                                                  text27       003B30
__ptext28                                                  text28       0026D0
__ptext29                                                  text29       0037F8
__ptext3                                                   text3        0037B0
__ptext30                                                  text30       0039E4
__ptext31                                                  text31       003A4E
__ptext32                                                  text32       003AEE
__ptext33                                                  text33       0034D6
__ptext34                                                  text34       003B0E
__ptext35                                                  text35       00383C
__ptext36                                                  text36       003A9E
__ptext37                                                  text37       003AB2
__ptext38                                                  text38       003AC6
__ptext39                                                  text39       003ADA
__ptext4                                                   text4        0035C2
__ptext40                                                  text40       003018
__ptext41                                                  text41       002992
__ptext42                                                  text42       003766
__ptext43                                                  text43       001B6E
__ptext44                                                  text44       0017EC
__ptext45                                                  text45       0036C4
__ptext46                                                  text46       003B00
__ptext47                                                  text47       003446
__ptext48                                                  text48       002F44
__ptext49                                                  text49       003B18
__ptext5                                                   text5        003562
__ptext50                                                  text50       003A78
__ptext52                                                  text52       003B20
__ptext6                                                   text6        00064C
__ptext7                                                   text7        00211C
__ptext8                                                   text8        003618
__ptext9                                                   text9        003974
__ramtop                                                   ramtop       000600
__size_of_ADC_Init                                         (abs)        000000
__size_of_ADC_Read                                         (abs)        000000
__size_of_Timer0_Init                                      (abs)        000000
__size_of_Timer0_StartTimer                                (abs)        000000
__size_of_UARTNewLine                                      (abs)        000000
__size_of_UARTSendChar                                     (abs)        000000
__size_of_UARTSendString                                   (abs)        000000
__size_of___aodiv                                          (abs)        000000
__size_of___aomod                                          (abs)        000000
__size_of___fladd                                          (abs)        000000
__size_of___flmul                                          (abs)        000000
__size_of___flsub                                          (abs)        000000
__size_of___fltol                                          (abs)        000000
__size_of___lldiv                                          (abs)        000000
__size_of___lodiv                                          (abs)        000000
__size_of___lomod                                          (abs)        000000
__size_of___wmul                                           (abs)        000000
__size_of___xxtofl                                         (abs)        000000
__size_of_abs                                              (abs)        000000
__size_of_atoi                                             (abs)        000000
__size_of_ctoa                                             (abs)        000000
__size_of_dtoa                                             (abs)        000000
__size_of_fgetc                                            (abs)        000000
__size_of_fputc                                            (abs)        000000
__size_of_fputs                                            (abs)        000000
__size_of_get_temp                                         (abs)        000000
__size_of_getch                                            (abs)        000000
__size_of_getchar                                          (abs)        000000
__size_of_initialize_RX                                    (abs)        000000
__size_of_initialize_TX                                    (abs)        000000
__size_of_int_to_char                                      (abs)        000000
__size_of_isalpha                                          (abs)        000000
__size_of_isdigit                                          (abs)        000000
__size_of_islower                                          (abs)        000000
__size_of_isspace                                          (abs)        000000
__size_of_isupper                                          (abs)        000000
__size_of_main                                             (abs)        000000
__size_of_otoa                                             (abs)        000000
__size_of_pad                                              (abs)        000000
__size_of_putch                                            (abs)        000000
__size_of_read_op                                          (abs)        000000
__size_of_sprintf                                          (abs)        000000
__size_of_stoa                                             (abs)        000000
__size_of_strlen                                           (abs)        000000
__size_of_strncmp                                          (abs)        000000
__size_of_timingISR                                        (abs)        000000
__size_of_toupper                                          (abs)        000000
__size_of_utoa                                             (abs)        000000
__size_of_vfpfcnvrt                                        (abs)        000000
__size_of_vfprintf                                         (abs)        000000
__size_of_write_op                                         (abs)        000000
__size_of_xtoa                                             (abs)        000000
__size_ofi2_Timer0_StartTimer                              (abs)        000000
__smallconst                                               smallconst   000600
_abs                                                       text19       0038FE
_atoi                                                      text28       0026D0
_atoi$1747                                                 cstackCOMRAM 000010
_atoi$1748                                                 cstackCOMRAM 000014
_atoi$1749                                                 cstackCOMRAM 000012
_ctoa                                                      text22       00366E
_dbuf                                                      bssBANK0     000098
_dtoa                                                      text18       001EB2
_dtoa$1101                                                 cstackCOMRAM 00002E
_errno                                                     bssBANK0     000089
_fgetc                                                     text33       0034D6
_flag                                                      bssBANK0     000097
_flags                                                     bssBANK0     000091
_fputc                                                     text26       003260
_fputs                                                     text25       003880
_get_temp                                                  text40       003018
_getch                                                     text34       003B0E
_getchar                                                   text32       003AEE
_initialize_RX                                             text39       003ADA
_initialize_TX                                             text38       003AC6
_int_to_char                                               text3        0037B0
_interval_events                                           bssBANK0     000093
_isalpha                                                   text11       0038C2
_isdigit                                                   text30       0039E4
_islower                                                   text9        003974
_isspace                                                   text29       0037F8
_isspace$1784                                              cstackCOMRAM 000007
_isupper                                                   text10       0039AC
_lcd                                                       bssBANK0     000080
_main                                                      text0        002D6A
_nout                                                      bssBANK0     00008B
_otoa                                                      text17       002536
_pad                                                       text23       00330C
_prec                                                      bssBANK0     00008F
_putch                                                     text27       003B30
_read_op                                                   text2        0033B6
_sprintf                                                   text4        0035C2
_stoa                                                      text16       002AEE
_strlen                                                    text24       003A1C
_strncmp                                                   text15       0030E2
_time_ms                                                   bssBANK0     000085
_timingISR                                                 intcode      000008
_toupper                                                   text8        003618
_toupper$1904                                              cstackCOMRAM 00000D
_ungetcnt                                                  bssBANK0     000095
_utoa                                                      text12       002374
_vfpfcnvrt                                                 text6        00064C
_vfpfcnvrt$1152                                            cstackCOMRAM 00005B
_vfpfcnvrt$1153                                            cstackCOMRAM 00005D
_vfprintf                                                  text5        003562
_width                                                     bssBANK0     00008D
_write_op                                                  text1        003718
_xtoa                                                      text7        00211C
_xtoa$1137                                                 cstackCOMRAM 00002F
_xtoa$1138                                                 cstackCOMRAM 000031
abs@a                                                      cstackCOMRAM 000013
atoi@n                                                     cstackCOMRAM 000015
atoi@neg                                                   cstackCOMRAM 00000E
atoi@s                                                     cstackCOMRAM 000008
btemp                                                      temp         00007F
ctoa@c                                                     cstackCOMRAM 00001E
ctoa@fp                                                    cstackCOMRAM 00001C
ctoa@w                                                     cstackCOMRAM 00001F
dtoa@d                                                     cstackCOMRAM 00001E
dtoa@fp                                                    cstackCOMRAM 00001C
dtoa@i                                                     cstackCOMRAM 00003E
dtoa@n                                                     cstackCOMRAM 000036
dtoa@p                                                     cstackCOMRAM 000030
dtoa@s                                                     cstackCOMRAM 000034
dtoa@w                                                     cstackCOMRAM 000032
end_of_initialization                                      cinit        003966
fgetc@c                                                    cstackCOMRAM 00000A
fgetc@fp                                                   cstackCOMRAM 000003
fputc@c                                                    cstackCOMRAM 000001
fputc@fp                                                   cstackCOMRAM 000003
fputs@c                                                    cstackCOMRAM 00000E
fputs@fp                                                   cstackCOMRAM 00000C
fputs@i                                                    cstackCOMRAM 00000F
fputs@s                                                    cstackCOMRAM 00000A
get_temp@adc_voltage                                       cstackCOMRAM 00003C
get_temp@real_voltage                                      cstackCOMRAM 000034
get_temp@temp                                              cstackCOMRAM 000038
i2_Timer0_StartTimer                                       text52       003B20
int$flags                                                  temp         00007F
int_to_char@num                                            cstackCOMRAM 00007A
int_to_char@result                                         cstackBANK0  0000CA
int_to_char@the_num                                        cstackBANK0  0000D4
intlevel0                                                  text         003B36
intlevel1                                                  text         003B36
intlevel2                                                  text         003B36
intlevel3                                                  text         003B36
isalpha@c                                                  cstackCOMRAM 000001
isdigit@c                                                  cstackCOMRAM 000001
islower@c                                                  cstackCOMRAM 000001
isspace@c                                                  cstackCOMRAM 000001
isupper@c                                                  cstackCOMRAM 000001
main@address                                               cstackBANK0  0000E8
main@stored_temp                                           cstackBANK0  0000E4
main@temp                                                  cstackBANK0  0000E2
main@time_elapsed                                          cstackBANK0  0000E6
otoa@d                                                     cstackCOMRAM 00001E
otoa@fp                                                    cstackCOMRAM 00001C
otoa@i                                                     cstackCOMRAM 00003C
otoa@n                                                     cstackCOMRAM 000034
otoa@p                                                     cstackCOMRAM 00002E
otoa@t                                                     cstackCOMRAM 000030
otoa@w                                                     cstackCOMRAM 000032
pad@buf                                                    cstackCOMRAM 000013
pad@fp                                                     cstackCOMRAM 000011
pad@i                                                      cstackCOMRAM 000018
pad@p                                                      cstackCOMRAM 000015
pad@w                                                      cstackCOMRAM 00001A
read_op@address                                            cstackBANK0  0000DC
read_op@i                                                  cstackBANK0  0000DD
read_op@mask                                               cstackBANK0  0000E0
read_op@result                                             cstackBANK0  0000DF
sprintf@ap                                                 cstackBANK0  0000C8
sprintf@f                                                  cstackBANK0  0000C2
sprintf@fmt                                                cstackBANK0  0000BA
sprintf@s                                                  cstackBANK0  0000B8
stackhi                                                    (abs)        0005F3
stacklo                                                    (abs)        0000F1
start                                                      init         000034
start_initialization                                       cinit        00393A
stoa@F1152                                                 dataBANK0    0000EA
stoa@cp                                                    cstackCOMRAM 00001A
stoa@fp                                                    cstackCOMRAM 00000A
stoa@i                                                     cstackCOMRAM 000016
stoa@l                                                     cstackCOMRAM 00001E
stoa@nuls                                                  cstackCOMRAM 00000F
stoa@p                                                     cstackCOMRAM 00001C
stoa@s                                                     cstackCOMRAM 00000C
stoa@w                                                     cstackCOMRAM 000018
strlen@a                                                   cstackCOMRAM 000003
strlen@s                                                   cstackCOMRAM 000001
strncmp@_l                                                 cstackCOMRAM 000001
strncmp@_r                                                 cstackCOMRAM 000003
strncmp@l                                                  cstackCOMRAM 000008
strncmp@n                                                  cstackCOMRAM 000005
strncmp@r                                                  cstackCOMRAM 00000A
toupper@c                                                  cstackCOMRAM 000007
ttemp5                                                     temp         000080
ttemp6                                                     temp         000083
ttemp7                                                     temp         000087
utoa@d                                                     cstackCOMRAM 00001E
utoa@fp                                                    cstackCOMRAM 00001C
utoa@i                                                     cstackCOMRAM 00003A
utoa@n                                                     cstackCOMRAM 000032
utoa@p                                                     cstackCOMRAM 00002E
utoa@w                                                     cstackCOMRAM 000030
vfpfcnvrt@ap                                               cstackCOMRAM 000047
vfpfcnvrt@c                                                cstackCOMRAM 000069
vfpfcnvrt@cp                                               cstackCOMRAM 000057
vfpfcnvrt@done                                             cstackCOMRAM 000059
vfpfcnvrt@fmt                                              cstackCOMRAM 000045
vfpfcnvrt@fp                                               cstackCOMRAM 000043
vfpfcnvrt@ll                                               cstackCOMRAM 00005F
vfpfcnvrt@llu                                              cstackCOMRAM 00006A
vfpfcnvrt@vp                                               cstackCOMRAM 000067
vfprintf@ap                                                cstackCOMRAM 000076
vfprintf@cfmt                                              cstackCOMRAM 000078
vfprintf@fmt                                               cstackCOMRAM 000074
vfprintf@fp                                                cstackCOMRAM 000072
write_op@address                                           cstackCOMRAM 000010
write_op@data                                              cstackCOMRAM 00000E
wtemp8                                                     temp         000080
xtoa@c                                                     cstackCOMRAM 000041
xtoa@d                                                     cstackCOMRAM 00001E
xtoa@fp                                                    cstackCOMRAM 00001C
xtoa@i                                                     cstackCOMRAM 00003F
xtoa@n                                                     cstackCOMRAM 000037
xtoa@p                                                     cstackCOMRAM 000033
xtoa@w                                                     cstackCOMRAM 000035
xtoa@x                                                     cstackCOMRAM 000026


FUNCTION INFORMATION:

 *************** function _main *****************
 Defined at:
		line 28 in file "main.c"
 Parameters:    Size  Location     Type
		None
 Auto vars:     Size  Location     Type
  address         2   48[BANK0 ] int 
  time_elapsed    2   46[BANK0 ] int 
  stored_temp     2   44[BANK0 ] int 
  temp            2   42[BANK0 ] int 
 Return value:  Size  Location     Type
                  1    wreg      void 
 Registers used:
		wreg, fsr1l, fsr1h, fsr2l, fsr2h, status,2, status,0, tblptrl, tblptrh, tblptru, prodl, prodh, cstack
 Tracked objects:
		On entry : 
		On exit  : 
		Unchanged: 
 Data sizes:     COMRAM   BANK0   BANK1   BANK2   BANK3   BANK4   BANK5
      Params:         0       0       0       0       0       0       0
      Locals:         0       8       0       0       0       0       0
      Temps:          0       1       0       0       0       0       0
      Totals:         0       9       0       0       0       0       0
Total ram usage:        9 bytes
 Hardware stack levels required when called:   12
 This function calls:
		_Timer0_Init
		_Timer0_StartTimer
		_UARTNewLine
		_UARTSendString
		___fltol
		___lldiv
		_get_temp
		_initialize_RX
		_initialize_TX
		_int_to_char
		_read_op
		_write_op
 This function is called by:
		Startup code after reset
 This function uses a non-reentrant model


 *************** function _write_op *****************
 Defined at:
		line 13 in file "drive_memory.c"
 Parameters:    Size  Location     Type
  address         1    wreg     unsigned char 
  data            1   13[COMRAM] unsigned char 
 Auto vars:     Size  Location     Type
  address         1   15[COMRAM] unsigned char 
 Return value:  Size  Location     Type
                  1    wreg      void 
 Registers used:
		wreg, status,2, status,0, cstack
 Tracked objects:
		On entry : 
		On exit  : 
		Unchanged: 
 Data sizes:     COMRAM   BANK0   BANK1   BANK2   BANK3   BANK4   BANK5
      Params:         1       0       0       0       0       0       0
      Locals:         1       0       0       0       0       0       0
      Temps:          1       0       0       0       0       0       0
      Totals:         3       0       0       0       0       0       0
Total ram usage:        3 bytes
 Hardware stack levels used:    1
 Hardware stack levels required when called:    2
 This function calls:
		Nothing
 This function is called by:
		_main
 This function uses a non-reentrant model


 *************** function _read_op *****************
 Defined at:
		line 28 in file "drive_memory.c"
 Parameters:    Size  Location     Type
  address         1    wreg     unsigned char 
 Auto vars:     Size  Location     Type
  address         1   36[BANK0 ] unsigned char 
  i               2   37[BANK0 ] int 
  mask            1   40[BANK0 ] unsigned char 
  result          1   39[BANK0 ] unsigned char 
 Return value:  Size  Location     Type
                  1    wreg      unsigned char 
 Registers used:
		wreg, fsr1l, fsr1h, fsr2l, fsr2h, status,2, status,0, tblptrl, tblptrh, tblptru, prodl, prodh, cstack
 Tracked objects:
		On entry : 
		On exit  : 
		Unchanged: 
 Data sizes:     COMRAM   BANK0   BANK1   BANK2   BANK3   BANK4   BANK5
      Params:         0       0       0       0       0       0       0
      Locals:         0       5       0       0       0       0       0
      Temps:          1       0       0       0       0       0       0
      Totals:         1       5       0       0       0       0       0
Total ram usage:        6 bytes
 Hardware stack levels used:    1
 Hardware stack levels required when called:   11
 This function calls:
		_UARTNewLine
		_UARTSendString
		_int_to_char
 This function is called by:
		_main
 This function uses a non-reentrant model


 *************** function _int_to_char *****************
 Defined at:
		line 18 in file "lcd.c"
 Parameters:    Size  Location     Type
  num             4  121[COMRAM] unsigned long 
 Auto vars:     Size  Location     Type
  result         10   18[BANK0 ] unsigned char [10]
  the_num         4   28[BANK0 ] unsigned long 
 Return value:  Size  Location     Type
                  2  121[COMRAM] PTR unsigned char 
 Registers used:
		wreg, fsr1l, fsr1h, fsr2l, fsr2h, status,2, status,0, tblptrl, tblptrh, tblptru, prodl, prodh, cstack
 Tracked objects:
		On entry : 
		On exit  : 
		Unchanged: 
 Data sizes:     COMRAM   BANK0   BANK1   BANK2   BANK3   BANK4   BANK5
      Params:         4       0       0       0       0       0       0
      Locals:         0      14       0       0       0       0       0
      Temps:          0       0       0       0       0       0       0
      Totals:         4      14       0       0       0       0       0
Total ram usage:       18 bytes
 Hardware stack levels used:    1
 Hardware stack levels required when called:   10
 This function calls:
		_getchar
		_sprintf
 This function is called by:
		_read_op
		_main
 This function uses a non-reentrant model


 *************** function _sprintf *****************
 Defined at:
		line 9 in file "/opt/microchip/xc8/v2.05/pic/sources/c99/common/nf_sprintf.c"
 Parameters:    Size  Location     Type
  s               2    0[BANK0 ] PTR unsigned char 
		 -> int_to_char@result(10), 
  fmt             2    2[BANK0 ] PTR const unsigned char 
		 -> STR_1(4), 
 Auto vars:     Size  Location     Type
  f               6   10[BANK0 ] struct _IO_FILE
  ap              2   16[BANK0 ] PTR void [1]
		 -> ?_snprintf(2), ?_sprintf(2), 
  ret             2    0        int 
 Return value:  Size  Location     Type
                  2    0[BANK0 ] int 
 Registers used:
		wreg, fsr1l, fsr1h, fsr2l, fsr2h, status,2, status,0, tblptrl, tblptrh, tblptru, prodl, prodh, cstack
 Tracked objects:
		On entry : 
		On exit  : 
		Unchanged: 
 Data sizes:     COMRAM   BANK0   BANK1   BANK2   BANK3   BANK4   BANK5
      Params:         0       8       0       0       0       0       0
      Locals:         0      10       0       0       0       0       0
      Temps:          0       0       0       0       0       0       0
      Totals:         0      18       0       0       0       0       0
Total ram usage:       18 bytes
 Hardware stack levels used:    1
 Hardware stack levels required when called:    9
 This function calls:
		_vfprintf
 This function is called by:
		_int_to_char
 This function uses a non-reentrant model


 *************** function _vfprintf *****************
 Defined at:
[...]


 *************** function ___xxtofl *****************
 Defined at:
		line 10 in file "/opt/microchip/xc8/v2.05/pic/sources/c99/common/xxtofl.c"
 Parameters:    Size  Location     Type
  sign            1    wreg     unsigned char 
  val             4    0[COMRAM] long 
 Auto vars:     Size  Location     Type
  sign            1    8[COMRAM] unsigned char 
  arg             4   10[COMRAM] unsigned long 
  exp             1    9[COMRAM] unsigned char 
 Return value:  Size  Location     Type
                  4    0[COMRAM] unsigned char 
 Registers used:
		wreg, status,2, status,0
 Tracked objects:
		On entry : 
		On exit  : 
		Unchanged: 
 Data sizes:     COMRAM   BANK0   BANK1   BANK2   BANK3   BANK4   BANK5
      Params:         4       0       0       0       0       0       0
      Locals:         6       0       0       0       0       0       0
      Temps:          4       0       0       0       0       0       0
      Totals:        14       0       0       0       0       0       0
Total ram usage:       14 bytes
 Hardware stack levels used:    1
 Hardware stack levels required when called:    2
 This function calls:
		Nothing
 This function is called by:
		_get_temp
 This function uses a non-reentrant model


 *************** function ___flsub *****************
 Defined at:
		line 245 in file "/opt/microchip/xc8/v2.05/pic/sources/c99/common/sprcadd.c"
 Parameters:    Size  Location     Type
  b               4   39[COMRAM] unsigned char 
  a               4   43[COMRAM] unsigned char 
 Auto vars:     Size  Location     Type
		None
 Return value:  Size  Location     Type
                  4   39[COMRAM] unsigned char 
 Registers used:
		wreg, status,2, status,0, cstack
 Tracked objects:
		On entry : 
		On exit  : 
		Unchanged: 
 Data sizes:     COMRAM   BANK0   BANK1   BANK2   BANK3   BANK4   BANK5
      Params:         8       0       0       0       0       0       0
      Locals:         0       0       0       0       0       0       0
      Temps:          0       0       0       0       0       0       0
      Totals:         8       0       0       0       0       0       0
Total ram usage:        8 bytes
 Hardware stack levels used:    1
 Hardware stack levels required when called:    3
 This function calls:
		___fladd
 This function is called by:
		_get_temp
 This function uses a non-reentrant model


 *************** function ___fladd *****************
 Defined at:
		line 10 in file "/opt/microchip/xc8/v2.05/pic/sources/c99/common/sprcadd.c"
 Parameters:    Size  Location     Type
  b               4    0[COMRAM] unsigned char 
  a               4    4[COMRAM] unsigned char 
 Auto vars:     Size  Location     Type
  grs             1   15[COMRAM] unsigned char 
  bexp            1   14[COMRAM] unsigned char 
  aexp            1   13[COMRAM] unsigned char 
  signs           1   12[COMRAM] unsigned char 
 Return value:  Size  Location     Type
                  4    0[COMRAM] unsigned char 
 Registers used:
		wreg, status,2, status,0
 Tracked objects:
		On entry : 
		On exit  : 
		Unchanged: 
 Data sizes:     COMRAM   BANK0   BANK1   BANK2   BANK3   BANK4   BANK5
      Params:         8       0       0       0       0       0       0
      Locals:         4       0       0       0       0       0       0
      Temps:          4       0       0       0       0       0       0
      Totals:        16       0       0       0       0       0       0
Total ram usage:       16 bytes
 Hardware stack levels used:    1
 Hardware stack levels required when called:    2
 This function calls:
		Nothing
 This function is called by:
		___flsub
 This function uses a non-reentrant model


 *************** function ___flmul *****************
 Defined at:
		line 8 in file "/opt/microchip/xc8/v2.05/pic/sources/c99/common/sprcmul.c"
 Parameters:    Size  Location     Type
  b               4   14[COMRAM] unsigned char 
  a               4   18[COMRAM] unsigned char 
 Auto vars:     Size  Location     Type
  prod            4   33[COMRAM] struct .
  grs             4   27[COMRAM] unsigned long 
  temp            2   37[COMRAM] struct .
  bexp            1   32[COMRAM] unsigned char 
  aexp            1   31[COMRAM] unsigned char 
  sign            1   26[COMRAM] unsigned char 
 Return value:  Size  Location     Type
                  4   14[COMRAM] unsigned char 
 Registers used:
		wreg, status,2, status,0, prodl, prodh
 Tracked objects:
		On entry : 
		On exit  : 
		Unchanged: 
 Data sizes:     COMRAM   BANK0   BANK1   BANK2   BANK3   BANK4   BANK5
      Params:         8       0       0       0       0       0       0
      Locals:        13       0       0       0       0       0       0
      Temps:          4       0       0       0       0       0       0
      Totals:        25       0       0       0       0       0       0
Total ram usage:       25 bytes
 Hardware stack levels used:    1
 Hardware stack levels required when called:    2
 This function calls:
		Nothing
 This function is called by:
		_get_temp
 This function uses a non-reentrant model


 *************** function _ADC_Read *****************
 Defined at:
		line 28 in file "adc.c"
 Parameters:    Size  Location     Type
  channel         1    wreg     unsigned char 
 Auto vars:     Size  Location     Type
  channel         1    4[COMRAM] unsigned char 
 Return value:  Size  Location     Type
                  2    0[COMRAM] unsigned int 
 Registers used:
		wreg, status,2, status,0
 Tracked objects:
		On entry : 
		On exit  : 
		Unchanged: 
 Data sizes:     COMRAM   BANK0   BANK1   BANK2   BANK3   BANK4   BANK5
      Params:         2       0       0       0       0       0       0
      Locals:         1       0       0       0       0       0       0
      Temps:          2       0       0       0       0       0       0
      Totals:         5       0       0       0       0       0       0
Total ram usage:        5 bytes
 Hardware stack levels used:    1
 Hardware stack levels required when called:    2
 This function calls:
		Nothing
 This function is called by:
		_get_temp
 This function uses a non-reentrant model


 *************** function _ADC_Init *****************
 Defined at:
		line 23 in file "adc.c"
 Parameters:    Size  Location     Type
		None
 Auto vars:     Size  Location     Type
		None
 Return value:  Size  Location     Type
                  1    wreg      void 
 Registers used:
		wreg, status,2
 Tracked objects:
		On entry : 
		On exit  : 
		Unchanged: 
 Data sizes:     COMRAM   BANK0   BANK1   BANK2   BANK3   BANK4   BANK5
      Params:         0       0       0       0       0       0       0
      Locals:         0       0       0       0       0       0       0
      Temps:          0       0       0       0       0       0       0
      Totals:         0       0       0       0       0       0       0
Total ram usage:        0 bytes
 Hardware stack levels used:    1
 Hardware stack levels required when called:    2
 This function calls:
		Nothing
 This function is called by:
		_get_temp
 This function uses a non-reentrant model


 *************** function ___lldiv *****************
 Defined at:
		line 7 in file "/opt/microchip/xc8/v2.05/pic/sources/c99/common/__lldiv.c"
 Parameters:    Size  Location     Type
  dividend        4    0[COMRAM] unsigned long 
  divisor         4    4[COMRAM] unsigned long 
 Auto vars:     Size  Location     Type
  quotient        4    8[COMRAM] unsigned long 
  counter         1   12[COMRAM] unsigned char 
 Return value:  Size  Location     Type
                  4    0[COMRAM] unsigned long 
 Registers used:
		wreg, status,2, status,0
 Tracked objects:
		On entry : 
		On exit  : 
		Unchanged: 
 Data sizes:     COMRAM   BANK0   BANK1   BANK2   BANK3   BANK4   BANK5
      Params:         8       0       0       0       0       0       0
      Locals:         5       0       0       0       0       0       0
      Temps:          0       0       0       0       0       0       0
      Totals:        13       0       0       0       0       0       0
Total ram usage:       13 bytes
 Hardware stack levels used:    1
 Hardware stack levels required when called:    2
 This function calls:
		Nothing
 This function is called by:
		_main
 This function uses a non-reentrant model


 *************** function ___fltol *****************
 Defined at:
		line 43 in file "/opt/microchip/xc8/v2.05/pic/sources/c99/common/fltol.c"
 Parameters:    Size  Location     Type
  f1              4   61[COMRAM] unsigned long 
 Auto vars:     Size  Location     Type
  exp1            1   70[COMRAM] unsigned char 
  sign1           1   69[COMRAM] unsigned char 
 Return value:  Size  Location     Type
                  4   61[COMRAM] long 
 Registers used:
		wreg, status,2, status,0
 Tracked objects:
		On entry : 
		On exit  : 
		Unchanged: 
 Data sizes:     COMRAM   BANK0   BANK1   BANK2   BANK3   BANK4   BANK5
      Params:         4       0       0       0       0       0       0
      Locals:         2       0       0       0       0       0       0
      Temps:          4       0       0       0       0       0       0
      Totals:        10       0       0       0       0       0       0
Total ram usage:       10 bytes
 Hardware stack levels used:    1
 Hardware stack levels required when called:    2
 This function calls:
		Nothing
 This function is called by:
		_main
 This function uses a non-reentrant model


 *************** function _Timer0_StartTimer *****************
 Defined at:
		line 21 in file "timer.c"
 Parameters:    Size  Location     Type
		None
 Auto vars:     Size  Location     Type
		None
 Return value:  Size  Location     Type
                  2  107[None  ] int 
 Registers used:
		None
 Tracked objects:
		On entry : 
		On exit  : 
		Unchanged: 
 Data sizes:     COMRAM   BANK0   BANK1   BANK2   BANK3   BANK4   BANK5
      Params:         0       0       0       0       0       0       0
      Locals:         0       0       0       0       0       0       0
      Temps:          0       0       0       0       0       0       0
      Totals:         0       0       0       0       0       0       0
Total ram usage:        0 bytes
 Hardware stack levels used:    1
 Hardware stack levels required when called:    2
 This function calls:
		Nothing
 This function is called by:
		_main
 This function uses a non-reentrant model


 *************** function _Timer0_Init *****************
 Defined at:
		line 8 in file "timer.c"
 Parameters:    Size  Location     Type
		None
 Auto vars:     Size  Location     Type
		None
 Return value:  Size  Location     Type
                  1    wreg      void 
 Registers used:
		wreg, status,2
 Tracked objects:
		On entry : 
		On exit  : 
		Unchanged: 
 Data sizes:     COMRAM   BANK0   BANK1   BANK2   BANK3   BANK4   BANK5
      Params:         0       0       0       0       0       0       0
      Locals:         0       0       0       0       0       0       0
      Temps:          0       0       0       0       0       0       0
      Totals:         0       0       0       0       0       0       0
Total ram usage:        0 bytes
 Hardware stack levels used:    1
 Hardware stack levels required when called:    2
 This function calls:
		Nothing
 This function is called by:
		_main
 This function uses a non-reentrant model


 *************** function _timingISR *****************
 Defined at:
		line 31 in file "timer.c"
 Parameters:    Size  Location     Type
		None
 Auto vars:     Size  Location     Type
		None
 Return value:  Size  Location     Type
                  1    wreg      void 
 Registers used:
		wreg, status,2, status,0, cstack
 Tracked objects:
		On entry : 
		On exit  : 
		Unchanged: 
 Data sizes:     COMRAM   BANK0   BANK1   BANK2   BANK3   BANK4   BANK5
      Params:         0       0       0       0       0       0       0
      Locals:         0       0       0       0       0       0       0
      Temps:          0       0       0       0       0       0       0
      Totals:         0       0       0       0       0       0       0
Total ram usage:        0 bytes
 Hardware stack levels used:    1
 Hardware stack levels required when called:    1
 This function calls:
		i2_Timer0_StartTimer
 This function is called by:
		Interrupt level 2
 This function uses a non-reentrant model


 *************** function i2_Timer0_StartTimer *****************
 Defined at:
		line 21 in file "timer.c"
 Parameters:    Size  Location     Type
		None
 Auto vars:     Size  Location     Type
		None
 Return value:  Size  Location     Type
                  2    0[None  ] int 
 Registers used:
		None
 Tracked objects:
		On entry : 
		On exit  : 
		Unchanged: 
 Data sizes:     COMRAM   BANK0   BANK1   BANK2   BANK3   BANK4   BANK5
      Params:         0       0       0       0       0       0       0
      Locals:         0       0       0       0       0       0       0
      Temps:          0       0       0       0       0       0       0
      Totals:         0       0       0       0       0       0       0
Total ram usage:        0 bytes
 Hardware stack levels used:    1
 This function calls:
		Nothing
 This function is called by:
		_timingISR
 This function uses a non-reentrant model



MODULE INFORMATION

Module		Function		Class		Link	Load	Size
/opt/microchip/xc8/v2.05/pic/sources/c99/common/strncmp.c
		_strncmp       		CODE           	30E2	0000	195

/opt/microchip/xc8/v2.05/pic/sources/c99/common/strncmp.c estimated size: 195

/opt/microchip/xc8/v2.05/pic/sources/c99/common/sprcmul.c
		___flmul       		CODE           	17EC	0000	899

/opt/microchip/xc8/v2.05/pic/sources/c99/common/sprcmul.c estimated size: 899

serial.c
		_UARTSendString		CODE           	383C	0000	69
		_UARTNewLine   		CODE           	3A9E	0000	21
		_UARTSendChar  		CODE           	3AB2	0000	21
		_initialize_RX 		CODE           	3ADA	0000	21
		_initialize_TX 		CODE           	3AC6	0000	21

serial.c estimated size: 153

/opt/microchip/xc8/v2.05/pic/sources/c99/common/Umul16.c
		___wmul        		CODE           	3A4E	0000	43

/opt/microchip/xc8/v2.05/pic/sources/c99/common/Umul16.c estimated size: 43

/opt/microchip/xc8/v2.05/pic/sources/c99/common/__lldiv.c
		___lldiv       		CODE           	3446	0000	145

/opt/microchip/xc8/v2.05/pic/sources/c99/common/__lldiv.c estimated size: 145

/opt/microchip/xc8/v2.05/pic/sources/c99/common/nf_fputc.c
		_fputc         		CODE           	3260	0000	173

/opt/microchip/xc8/v2.05/pic/sources/c99/common/nf_fputc.c estimated size: 173

/opt/microchip/xc8/v2.05/pic/sources/c99/common/lomod.c
		___lomod       		CODE           	31A4	0000	189

/opt/microchip/xc8/v2.05/pic/sources/c99/common/lomod.c estimated size: 189

temp_adc.c
		_get_temp      		CODE           	3018	0000	203

temp_adc.c estimated size: 203

drive_memory.c
		_write_op      		CODE           	3718	0000	79
		_read_op       		CODE           	33B6	0000	145

drive_memory.c estimated size: 224

timer.c
		_Timer0_Init   		CODE           	3A78	0000	39
		_Timer0_StartTimer		CODE           	3B18	0000	9
		_timingISR     		CODE           	0008	0000	45

timer.c estimated size: 93

/opt/microchip/xc8/v2.05/pic/sources/c99/common/putch.c
		_putch         		CODE           	3B30	0000	7

/opt/microchip/xc8/v2.05/pic/sources/c99/common/putch.c estimated size: 7

/opt/microchip/xc8/v2.05/pic/sources/c99/common/aomod.c
		___aomod       		CODE           	2C32	0000	313

/opt/microchip/xc8/v2.05/pic/sources/c99/common/aomod.c estimated size: 313

/opt/microchip/xc8/v2.05/pic/sources/c99/common/isdigit.c
		_isdigit       		CODE           	39E4	0000	57

/opt/microchip/xc8/v2.05/pic/sources/c99/common/isdigit.c estimated size: 57

/opt/microchip/xc8/v2.05/pic/sources/c99/common/sprcadd.c
		___flsub       		CODE           	3766	0000	75
		___fladd       		CODE           	1B6E	0000	837

/opt/microchip/xc8/v2.05/pic/sources/c99/common/sprcadd.c estimated size: 912

/opt/microchip/xc8/v2.05/pic/sources/c99/common/xxtofl.c
		___xxtofl      		CODE           	2992	0000	349

/opt/microchip/xc8/v2.05/pic/sources/c99/common/xxtofl.c estimated size: 349

adc.c
		_ADC_Read      		CODE           	36C4	0000	85
		_ADC_Init      		CODE           	3B00	0000	15

adc.c estimated size: 100

/opt/microchip/xc8/v2.05/pic/sources/c99/common/atoi.c
		_atoi          		CODE           	26D0	0000	359

/opt/microchip/xc8/v2.05/pic/sources/c99/common/atoi.c estimated size: 359

/opt/microchip/xc8/v2.05/pic/sources/c99/common/strlen.c
		_strlen        		CODE           	3A1C	0000	51

/opt/microchip/xc8/v2.05/pic/sources/c99/common/strlen.c estimated size: 51

/opt/microchip/xc8/v2.05/pic/sources/c99/common/nf_sprintf.c
		_sprintf       		CODE           	35C2	0000	87

/opt/microchip/xc8/v2.05/pic/sources/c99/common/nf_sprintf.c estimated size: 87

/opt/microchip/xc8/v2.05/pic/sources/c99/common/lodiv.c
		___lodiv       		CODE           	2E68	0000	221

/opt/microchip/xc8/v2.05/pic/sources/c99/common/lodiv.c estimated size: 221

/opt/microchip/xc8/v2.05/pic/sources/c99/common/nf_getc.c
		_fgetc         		CODE           	34D6	0000	141

/opt/microchip/xc8/v2.05/pic/sources/c99/common/nf_getc.c estimated size: 141

/opt/microchip/xc8/v2.05/pic/sources/c99/common/isupper.c
		_isupper       		CODE           	39AC	0000	57

/opt/microchip/xc8/v2.05/pic/sources/c99/common/isupper.c estimated size: 57

shared
		__initialization		CODE           	393A	0000	45
		i2_Timer0_StartTimer		CODE           	3B20	0000	9

shared estimated size: 54

/opt/microchip/xc8/v2.05/pic/sources/c99/common/nf_fputs.c
		_fputs         		CODE           	3880	0000	67

/opt/microchip/xc8/v2.05/pic/sources/c99/common/nf_fputs.c estimated size: 67

/opt/microchip/xc8/v2.05/pic/sources/c99/common/getch.c
		_getch         		CODE           	3B0E	0000	11

/opt/microchip/xc8/v2.05/pic/sources/c99/common/getch.c estimated size: 11

/opt/microchip/xc8/v2.05/pic/sources/c99/common/fltol.c
		___fltol       		CODE           	2F44	0000	213

/opt/microchip/xc8/v2.05/pic/sources/c99/common/fltol.c estimated size: 213

/opt/microchip/xc8/v2.05/pic/sources/c99/common/abs.c
		_abs           		CODE           	38FE	0000	61

/opt/microchip/xc8/v2.05/pic/sources/c99/common/abs.c estimated size: 61

/opt/microchip/xc8/v2.05/pic/sources/c99/common/aodiv.c
		___aodiv       		CODE           	2836	0000	349

/opt/microchip/xc8/v2.05/pic/sources/c99/common/aodiv.c estimated size: 349

/opt/microchip/xc8/v2.05/pic/sources/c99/common/getchar.c
		_getchar       		CODE           	3AEE	0000	19

/opt/microchip/xc8/v2.05/pic/sources/c99/common/getchar.c estimated size: 19

/opt/microchip/xc8/v2.05/pic/sources/c99/common/islower.c
		_islower       		CODE           	3974	0000	57

/opt/microchip/xc8/v2.05/pic/sources/c99/common/islower.c estimated size: 57

lcd.c
		_int_to_char   		CODE           	37B0	0000	73

lcd.c estimated size: 73

/opt/microchip/xc8/v2.05/pic/sources/c99/common/toupper.c
		_toupper       		CODE           	3618	0000	87

/opt/microchip/xc8/v2.05/pic/sources/c99/common/toupper.c estimated size: 87

/opt/microchip/xc8/v2.05/pic/sources/c99/common/isalpha.c
		_isalpha       		CODE           	38C2	0000	61

/opt/microchip/xc8/v2.05/pic/sources/c99/common/isalpha.c estimated size: 61

main.c
		_main          		CODE           	2D6A	0000	255

main.c estimated size: 255

/opt/microchip/xc8/v2.05/pic/sources/c99/common/isspace.c
		_isspace       		CODE           	37F8	0000	69

/opt/microchip/xc8/v2.05/pic/sources/c99/common/isspace.c estimated size: 69

/opt/microchip/xc8/v2.05/pic/sources/c99/common/doprnt.c
		_vfpfcnvrt     		CODE           	064C	0000	4513
		_pad           		CODE           	330C	0000	171
		_ctoa          		CODE           	366E	0000	87
		_dtoa          		CODE           	1EB2	0000	619
		_vfprintf      		CODE           	3562	0000	97
		_otoa          		CODE           	2536	0000	411
		_stoa          		CODE           	2AEE	0000	325
		_utoa          		CODE           	2374	0000	451
		_xtoa          		CODE           	211C	0000	601

/opt/microchip/xc8/v2.05/pic/sources/c99/common/doprnt.c estimated size: 7275

