Microchip MPLAB XC8 Compiler V2.05 ()

Linker command line:

-W-3 --edf=/opt/microchip/xc8/v2.05/pic/dat/en_msgs.txt -cs \
  -h+dist/default/debug/EE475_Capstone.X.debug.sym \
  --cmf=dist/default/debug/EE475_Capstone.X.debug.cmf -z -Q18F452 \
  -o/tmp/xcXveJZK6 --defsym=__MPLAB_BUILD=1 \
  -Mdist/default/debug/EE475_Capstone.X.debug.map -E1 -ver=XC8 --acfsm=1493 \
  -ASTACK=0A0h-05F3h -pstack=STACK -ACODE=00h-03FFFh,04000h-07DBFh \
  -ACONST=00h-07DBFh -ASMALLCONST=0600h-06FFhx119,07D00h-07DBFh \
  -AMEDIUMCONST=0600h-07DBFh -ACOMRAM=01h-07Fh -AABS1=00h-05F3h \
  -ABIGRAM=01h-05F3h -ARAM=080h-0FFh,0100h-01FFhx4,0500h-05F3h \
  -ABANK0=080h-0FFh -ABANK1=0100h-01FFh -ABANK2=0200h-02FFh \
  -ABANK3=0300h-03FFh -ABANK4=0400h-04FFh -ABANK5=0500h-05F3h \
  -ASFR=0F80h-0F9Bh,0F9Dh-0FD3h,0FD5h-0FDAh,0FE0h-0FE2h,0FE8h-0FEAh,0FF0h-0FFCh \
  -preset_vec=00h,intcode=08h,intcodelo,powerup,init -pramtop=0600h \
  -psmallconst=SMALLCONST -pmediumconst=MEDIUMCONST -pconst=CONST \
  -AFARRAM=00h-00h -ACONFIG=0300000h-030000Dh -pconfig=CONFIG \
  -AIDLOC=0200000h-0200007h -pidloc=IDLOC -AEEDATA=0F00000h-0F000FFh \
  -peeprom_data=EEDATA \
  -prdata=COMRAM,nvrram=COMRAM,nvbit=COMRAM,rbss=COMRAM,rbit=COMRAM \
  -pfarbss=FARRAM,fardata=FARRAM,nvFARRAM=FARRAM \
  -pintsave_regs=BIGRAM,bigbss=BIGRAM,bigdata=BIGRAM -pbss=RAM \
  -pidata=CODE,irdata=CODE,ibigdata=CODE,ifardata=CODE -prparam=COMRAM \
  /tmp/xcXQf1WwS.o dist/default/debug/EE475_Capstone.X.debug.o 

Object code version is 3.11

Machine type is 18F452

Call graph: (short form)




                Name                               Link     Load   Length Selector   Space Scale
/tmp/xcXQf1WwS.o
                text                               1238     1238        2      91C       0
                init                                 32       32        4        4       0
                reset_vec                             0        0        6        0       0
                idloc                            200000   200000        8   200000       0
                config                           300000   300000        E   300000       0
dist/default/debug/EE475_Capstone.X.debug.o
                intcode                               8        8       2A        4       0
                temp                                 71       71        1        1       1
                smallconst                          600      600       4C      300       0
                text16                             1228     1228        8      326       0
                text14                             118E     118E       24      326       0
                text13                             1220     1220        8      326       0
                text12                              E6E      E6E       D4      326       0
                text11                             1212     1212        E      326       0
                text10                             10A6     10A6       54      326       0
                text9                               64C      64C      382      326       0
                text8                               9CE      9CE      344      326       0
                text7                              1144     1144       4A      326       0
                text6                               D12      D12      15C      326       0
                text5                               F42      F42       CA      326       0
                text4                              11D4     11D4       16      326       0
                text3                              11FE     11FE       14      326       0
                text2                              11EA     11EA       14      326       0
                text1                              11B2     11B2       22      326       0
                text0                              100C     100C       9A      326       0
                cstackCOMRAM                          1        1       4D        1       1
                bssBANK0                             80       80       20       80       1
                dataCOMRAM                           6A       6A        7        1       1
                bssCOMRAM                            4E       4E       1C        1       1
                cinit                              10FA     10FA       4A      326       0
                idataCOMRAM                        1230     1230        7      326       0

TOTAL           Name                               Link     Load   Length     Space
        CLASS   STACK          

        CLASS   CODE           
                intcode                               8        8       2A         0
                text                               1238     1238        2         0
                init                                 32       32        4         0
                reset_vec                             0        0        6         0
                text16                             1228     1228        8         0
                text14                             118E     118E       24         0
                text13                             1220     1220        8         0
                text12                              E6E      E6E       D4         0
                text11                             1212     1212        E         0
                text10                             10A6     10A6       54         0
                text9                               64C      64C      382         0
                text8                               9CE      9CE      344         0
                text7                              1144     1144       4A         0
                text6                               D12      D12      15C         0
                text5                               F42      F42       CA         0
                text4                              11D4     11D4       16         0
                text3                              11FE     11FE       14         0
                text2                              11EA     11EA       14         0
                text1                              11B2     11B2       22         0
                text0                              100C     100C       9A         0
                cinit                              10FA     10FA       4A         0
                idataCOMRAM                        1230     1230        7         0

        CLASS   CONST          

        CLASS   SMALLCONST     
                smallconst                          600      600       4C         0

        CLASS   MEDIUMCONST    

        CLASS   COMRAM         
                temp                                 71       71        1         1
                cstackCOMRAM                          1        1       4D         1
                dataCOMRAM                           6A       6A        7         1
                bssCOMRAM                            4E       4E       1C         1

        CLASS   ABS1           

        CLASS   BIGRAM         

        CLASS   RAM            

        CLASS   BANK0          
                bssBANK0                             80       80       20         1

        CLASS   BANK1          

        CLASS   BANK2          

        CLASS   BANK3          

        CLASS   BANK4          

        CLASS   BANK5          

        CLASS   SFR            

        CLASS   FARRAM         

        CLASS   CONFIG         
                config                           300000   300000        E         0

        CLASS   IDLOC          
                idloc                            200000   200000        8         0

        CLASS   EEDATA         



SEGMENTS        Name                           Load    Length   Top    Selector   Space  Class

                reset_vec                      000000  000006  000006         0       0  CODE    
                cstackCOMRAM                   000001  000071  000072         1       1  COMRAM  
                intcode                        000008  00002E  000036         4       0  CODE    
                bssBANK0                       000080  000020  0000A0        80       1  BANK0   
                smallconst                     000600  00004C  00064C       300       0  SMALLCON
                text9                          00064C  000BEB  001237       326       0  CODE    
                text                           001238  000002  00123A       91C       0  CODE    
                idloc                          200000  000008  200008    200000       0  IDLOC   
                config                         300000  00000E  30000E    300000       0  CONFIG  


UNUSED ADDRESS RANGES

        Name                Unused          Largest block    Delta
        BANK0            0000A0-0000FF               60
        BANK1            000100-0001FF              100
        BANK2            000200-0002FF              100
        BANK3            000300-0003FF              100
        BANK4            000400-0004FF              100
        BANK5            000500-0005F3               F4
        BIGRAM           000072-00007F                E
                         0000A0-0005F3              554
        CODE             000006-000007                2
                         000036-0005FF              5CA
                         001237-001237                1
                         00123A-007DBF             2DC6
        COMRAM           000072-00007F                E
        CONST            000006-000007                2
                         000036-0005FF              5CA
                         001237-001237                1
                         00123A-007DBF             6B86
        EEDATA           F00000-F000FF              100
        MEDIUMCONST      001237-001237                1
                         00123A-007DBF             6B86
        RAM              0000A0-0005F3              100
        SFR              000F80-000F9B               1C
                         000F9D-000FD3               37
                         000FD5-000FDA                6
                         000FE0-000FE2                3
                         000FE8-000FEA                3
                         000FF0-000FFC                D
        SMALLCONST       001237-001237                1
                         00123A-007DBF              100
        STACK            0000A0-0005F3              554

                                  Symbol Table

?_ADC_Read                                                 cstackCOMRAM 000001
?___fladd                                                  cstackCOMRAM 000001
?___flmul                                                  cstackCOMRAM 00000F
?___flsub                                                  cstackCOMRAM 000028
?___fltol                                                  cstackCOMRAM 00003E
?___xxtofl                                                 cstackCOMRAM 000001
?_get_temp                                                 cstackCOMRAM 000030
ADC_Read@channel                                           cstackCOMRAM 000005
_ADCON0                                                    (abs)        000FC2
_ADCON1                                                    (abs)        000FC1
_ADC_Init                                                  text11       001212
_ADC_Read                                                  text10       0010A6
_ADRESH                                                    (abs)        000FC4
_ADRESL                                                    (abs)        000FC3
_CCP1CON                                                   (abs)        000FBD
_CCPR1L                                                    (abs)        000FBE
_GO_nDONE                                                  (abs)        007E12
_INTCON2bits                                               (abs)        000FF1
_INTCONbits                                                (abs)        000FF2
_PORTA                                                     (abs)        000F80
_PORTB                                                     (abs)        000F81
_PORTCbits                                                 (abs)        000F82
_PORTD                                                     (abs)        000F83
_PR2                                                       (abs)        000FCB
_RCIF                                                      (abs)        007CF5
_RCONbits                                                  (abs)        000FD0
_RCREG1                                                    (abs)        000FAE
_RCSTA                                                     (abs)        000FAB
_RCSTAbits                                                 (abs)        000FAB
_SPBRG                                                     (abs)        000FAF
_SSPBUF                                                    (abs)        000FC9
_SSPCON1                                                   (abs)        000FC6
_SSPSTATbits                                               (abs)        000FC7
_T0CON                                                     (abs)        000FD5
_T0CONbits                                                 (abs)        000FD5
_T2CON                                                     (abs)        000FCA
_TMR0H                                                     (abs)        000FD7
_TMR0IE                                                    (abs)        007F95
_TMR0IF                                                    (abs)        007F92
_TMR0L                                                     (abs)        000FD6
_TMR2IE                                                    (abs)        007CE9
_TMR2IP                                                    (abs)        007CF9
_TRISA                                                     (abs)        000F92
_TRISB                                                     (abs)        000F93
_TRISC                                                     (abs)        000F94
_TRISCbits                                                 (abs)        000F94
_TRISD                                                     (abs)        000F95
_TXREG                                                     (abs)        000FAD
_TXSTAbits                                                 (abs)        000FAC
_Timer0_Init                                               text14       00118E
_Timer0_StartTimer                                         text13       001220
__CFG_BOR$ON                                               (abs)        000000
__CFG_BORV$20                                              (abs)        000000
__CFG_CCP2MUX$ON                                           (abs)        000000
__CFG_CP0$OFF                                              (abs)        000000
__CFG_CP1$OFF                                              (abs)        000000
__CFG_CP2$OFF                                              (abs)        000000
__CFG_CP3$OFF                                              (abs)        000000
__CFG_CPB$OFF                                              (abs)        000000
__CFG_CPD$OFF                                              (abs)        000000
__CFG_EBTR0$OFF                                            (abs)        000000
__CFG_EBTR1$OFF                                            (abs)        000000
__CFG_EBTR2$OFF                                            (abs)        000000
__CFG_EBTR3$OFF                                            (abs)        000000
__CFG_EBTRB$OFF                                            (abs)        000000
__CFG_LVP$OFF                                              (abs)        000000
__CFG_OSC$HS                                               (abs)        000000
__CFG_OSCS$OFF                                             (abs)        000000
__CFG_PWRT$OFF                                             (abs)        000000
__CFG_STVR$ON                                              (abs)        000000
__CFG_WDT$OFF                                              (abs)        000000
__CFG_WDTPS$128                                            (abs)        000000
__CFG_WRT0$OFF                                             (abs)        000000
__CFG_WRT1$OFF                                             (abs)        000000
__CFG_WRT2$OFF                                             (abs)        000000
__CFG_WRT3$OFF                                             (abs)        000000
__CFG_WRTB$OFF                                             (abs)        000000
__CFG_WRTC$OFF                                             (abs)        000000
__CFG_WRTD$OFF                                             (abs)        000000
__HRAM                                                     (abs)        000000
__Habs1                                                    abs1         000000
__Hbank0                                                   bank0        000000
__Hbank1                                                   bank1        000000
__Hbank2                                                   bank2        000000
__Hbank3                                                   bank3        000000
__Hbank4                                                   bank4        000000
__Hbank5                                                   bank5        000000
__Hbigbss                                                  bigbss       000000
__Hbigdata                                                 bigdata      000000
__Hbigram                                                  bigram       000000
__Hbss                                                     bss          000000
__HbssBANK0                                                bssBANK0     000000
__HbssCOMRAM                                               bssCOMRAM    000000
__Hcinit                                                   cinit        000000
__Hclrtext                                                 clrtext      000000
__Hcomram                                                  comram       000000
__Hconfig                                                  config       30000E
__Hconst                                                   const        000000
__HcstackCOMRAM                                            cstackCOMRAM 000000
__Hdata                                                    data         000000
__HdataCOMRAM                                              dataCOMRAM   000000
__Heeprom_data                                             eeprom_data  000000
__Hfarbss                                                  farbss       000000
__Hfardata                                                 fardata      000000
__Hibigdata                                                ibigdata     000000
__Hidata                                                   idata        000000
__HidataCOMRAM                                             idataCOMRAM  000000
__Hidloc                                                   idloc        200008
__Hifardata                                                ifardata     000000
__Hinit                                                    init         000036
__Hintcode                                                 intcode      000032
__Hintcode_body                                            intcode_body 000000
__Hintcodelo                                               intcodelo    000032
__Hintentry                                                intentry     000000
__Hintret                                                  intret       000000
__Hintsave_regs                                            intsave_regs 000000
__Hirdata                                                  irdata       000000
__Hmediumconst                                             mediumconst  000000
__HnvFARRAM                                                nvFARRAM     000000
__Hnvbit                                                   nvbit        000000
__Hnvrram                                                  nvrram       000000
__Hparam                                                   rparam       000000
__Hpowerup                                                 powerup      000032
__Hram                                                     ram          000000
__Hramtop                                                  ramtop       000600
__Hrbit                                                    rbit         000000
__Hrbss                                                    rbss         000000
__Hrdata                                                   rdata        000000
__Hreset_vec                                               reset_vec    000006
__Hrparam                                                  rparam       000000
__Hsfr                                                     sfr          000000
__Hsmallconst                                              smallconst   00064C
__Hspace_0                                                 (abs)        30000E
__Hspace_1                                                 (abs)        0000A0
__Hspace_2                                                 (abs)        000000
__Hstack                                                   stack        000000
__Hstruct                                                  struct       000000
__Htemp                                                    temp         000072
__Htext                                                    text         000000
__Htext0                                                   text0        000000
__Htext1                                                   text1        000000
__Htext10                                                  text10       000000
__Htext11                                                  text11       000000
__Htext12                                                  text12       000000
__Htext13                                                  text13       000000
__Htext14                                                  text14       000000
__Htext16                                                  text16       000000
__Htext2                                                   text2        000000
__Htext3                                                   text3        000000
__Htext4                                                   text4        000000
__Htext5                                                   text5        000000
__Htext6                                                   text6        000000
__Htext7                                                   text7        000000
__Htext8                                                   text8        000000
__Htext9                                                   text9        000000
__LRAM                                                     (abs)        000001
__Labs1                                                    abs1         000000
__Lbank0                                                   bank0        000000
__Lbank1                                                   bank1        000000
__Lbank2                                                   bank2        000000
__Lbank3                                                   bank3        000000
__Lbank4                                                   bank4        000000
__Lbank5                                                   bank5        000000
__Lbigbss                                                  bigbss       000000
__Lbigdata                                                 bigdata      000000
__Lbigram                                                  bigram       000000
__Lbss                                                     bss          000000
__LbssBANK0                                                bssBANK0     000000
__LbssCOMRAM                                               bssCOMRAM    000000
__Lcinit                                                   cinit        000000
__Lclrtext                                                 clrtext      000000
__Lcomram                                                  comram       000000
__Lconfig                                                  config       300000
__Lconst                                                   const        000000
__LcstackCOMRAM                                            cstackCOMRAM 000000
__Ldata                                                    data         000000
__LdataCOMRAM                                              dataCOMRAM   000000
__Leeprom_data                                             eeprom_data  000000
__Lfarbss                                                  farbss       000000
__Lfardata                                                 fardata      000000
__Libigdata                                                ibigdata     000000
__Lidata                                                   idata        000000
__LidataCOMRAM                                             idataCOMRAM  000000
__Lidloc                                                   idloc        200000
__Lifardata                                                ifardata     000000
__Linit                                                    init         000032
__Lintcode                                                 intcode      000008
__Lintcode_body                                            intcode_body 000000
__Lintcodelo                                               intcodelo    000032
__Lintentry                                                intentry     000000
__Lintret                                                  intret       000000
__Lintsave_regs                                            intsave_regs 000000
__Lirdata                                                  irdata       000000
__Lmediumconst                                             mediumconst  000000
__LnvFARRAM                                                nvFARRAM     000000
__Lnvbit                                                   nvbit        000000
__Lnvrram                                                  nvrram       000000
__Lparam                                                   rparam       000000
__Lpowerup                                                 powerup      000032
__Lram                                                     ram          000000
__Lramtop                                                  ramtop       000600
__Lrbit                                                    rbit         000000
__Lrbss                                                    rbss         000000
__Lrdata                                                   rdata        000000
__Lreset_vec                                               reset_vec    000000
__Lrparam                                                  rparam       000000
__Lsfr                                                     sfr          000000
__Lsmallconst                                              smallconst   000600
__Lspace_0                                                 (abs)        000000
__Lspace_1                                                 (abs)        000000
__Lspace_2                                                 (abs)        000000
__Lstack                                                   stack        000000
__Lstruct                                                  struct       000000
__Ltemp                                                    temp         000071
__Ltext                                                    text         000000
__Ltext0                                                   text0        000000
__Ltext1                                                   text1        000000
__Ltext10                                                  text10       000000
__Ltext11                                                  text11       000000
__Ltext12                                                  text12       000000
__Ltext13                                                  text13       000000
__Ltext14                                                  text14       000000
__Ltext16                                                  text16       000000
__Ltext2                                                   text2        000000
__Ltext3                                                   text3        000000
__Ltext4                                                   text4        000000
__Ltext5                                                   text5        000000
__Ltext6                                                   text6        000000
__Ltext7                                                   text7        000000
__Ltext8                                                   text8        000000
__Ltext9                                                   text9        000000
__S0                                                       (abs)        30000E
__S1                                                       (abs)        0000A0
__S2                                                       (abs)        000000
___fladd                                                   text8        0009CE
___fladd@a                                                 cstackCOMRAM 000005
___fladd@aexp                                              cstackCOMRAM 00000E
___fladd@b                                                 cstackCOMRAM 000001
___fladd@bexp                                              cstackCOMRAM 00000F
___fladd@grs                                               cstackCOMRAM 000010
___fladd@signs                                             cstackCOMRAM 00000D
___flmul                                                   text9        00064C
___flmul@a                                                 cstackCOMRAM 000013
___flmul@aexp                                              cstackCOMRAM 000020
___flmul@b                                                 cstackCOMRAM 00000F
___flmul@bexp                                              cstackCOMRAM 000021
___flmul@grs                                               cstackCOMRAM 00001C
___flmul@prod                                              cstackCOMRAM 000022
___flmul@sign                                              cstackCOMRAM 00001B
___flmul@temp                                              cstackCOMRAM 000026
___flsub                                                   text7        001144
___flsub@a                                                 cstackCOMRAM 00002C
___flsub@b                                                 cstackCOMRAM 000028
___fltol                                                   text12       000E6E
___fltol@exp1                                              cstackCOMRAM 000047
___fltol@f1                                                cstackCOMRAM 00003E
___fltol@sign1                                             cstackCOMRAM 000046
___inthi_sp                                                stack        000000
___intlo_sp                                                stack        000000
___param_bank                                              (abs)        000000
___rparam_used                                             (abs)        000001
___sp                                                      stack        000000
___xxtofl                                                  text6        000D12
___xxtofl@arg                                              cstackCOMRAM 00000B
___xxtofl@exp                                              cstackCOMRAM 00000A
___xxtofl@sign                                             cstackCOMRAM 000009
___xxtofl@val                                              cstackCOMRAM 000001
__accesstop                                                (abs)        000080
__activetblptr                                             (abs)        000001
__cntErrataNOP_/tmp/xcXQf1WwS.o                            (abs)        000001
__cntErrataNOP_dist/default/debug/EE475_Capstone.X.debug.o (abs)        00006A
__end_of_ADC_Init                                          text11       001220
__end_of_ADC_Read                                          text10       0010FA
__end_of_Timer0_Init                                       text14       0011B2
__end_of_Timer0_StartTimer                                 text13       001228
__end_of___fladd                                           text8        000D12
__end_of___flmul                                           text9        0009CE
__end_of___flsub                                           text7        00118E
__end_of___fltol                                           text12       000F42
__end_of___xxtofl                                          text6        000E6E
__end_of__initialization                                   cinit        001132
__end_of_get_temp                                          text5        00100C
__end_of_initialize_PWM                                    text4        0011EA
__end_of_initialize_RX                                     text3        001212
__end_of_initialize_TX                                     text2        0011FE
__end_of_main                                              text0        0010A6
__end_of_set_duty_cycle                                    text1        0011D4
__end_of_timingISR                                         intcode      000032
__end_ofi2_Timer0_StartTimer                               text16       001230
__initialization                                           cinit        0010FA
__mediumconst                                              mediumconst  000000
__pbssBANK0                                                bssBANK0     000080
__pbssCOMRAM                                               bssCOMRAM    00004E
__pcinit                                                   cinit        0010FA
__pcstackCOMRAM                                            cstackCOMRAM 000001
__pdataCOMRAM                                              dataCOMRAM   00006A
__pidataCOMRAM                                             idataCOMRAM  001230
__pintcode                                                 intcode      000008
__psmallconst                                              smallconst   000600
__ptext0                                                   text0        00100C
__ptext1                                                   text1        0011B2
__ptext10                                                  text10       0010A6
__ptext11                                                  text11       001212
__ptext12                                                  text12       000E6E
__ptext13                                                  text13       001220
__ptext14                                                  text14       00118E
__ptext16                                                  text16       001228
__ptext2                                                   text2        0011EA
__ptext3                                                   text3        0011FE
__ptext4                                                   text4        0011D4
__ptext5                                                   text5        000F42
__ptext6                                                   text6        000D12
__ptext7                                                   text7        001144
__ptext8                                                   text8        0009CE
__ptext9                                                   text9        00064C
__ramtop                                                   ramtop       000600
__size_of_ADC_Init                                         (abs)        000000
__size_of_ADC_Read                                         (abs)        000000
__size_of_Timer0_Init                                      (abs)        000000
__size_of_Timer0_StartTimer                                (abs)        000000
__size_of___fladd                                          (abs)        000000
__size_of___flmul                                          (abs)        000000
__size_of___flsub                                          (abs)        000000
__size_of___fltol                                          (abs)        000000
__size_of___xxtofl                                         (abs)        000000
__size_of_get_temp                                         (abs)        000000
__size_of_initialize_PWM                                   (abs)        000000
__size_of_initialize_RX                                    (abs)        000000
__size_of_initialize_TX                                    (abs)        000000
__size_of_main                                             (abs)        000000
__size_of_set_duty_cycle                                   (abs)        000000
__size_of_timingISR                                        (abs)        000000
__size_ofi2_Timer0_StartTimer                              (abs)        000000
__smallconst                                               smallconst   000600
_errno                                                     bssCOMRAM    00005B
_flag                                                      bssCOMRAM    000069
_get_temp                                                  text5        000F42
_initialize_PWM                                            text4        0011D4
_initialize_RX                                             text3        0011FE
_initialize_TX                                             text2        0011EA
_interval_events                                           bssCOMRAM    000065
_lcd                                                       bssCOMRAM    00004E
_main                                                      text0        00100C
_set_duty_cycle                                            text1        0011B2
_time_ms                                                   bssCOMRAM    000057
_time_ms_2                                                 bssCOMRAM    000053
_timingISR                                                 intcode      000008
btemp                                                      temp         000071
end_of_initialization                                      cinit        001132
get_temp@adc_voltage                                       cstackCOMRAM 00003C
get_temp@real_voltage                                      cstackCOMRAM 000034
get_temp@temp                                              cstackCOMRAM 000038
i2_Timer0_StartTimer                                       text16       001228
initialize_PWM@freq                                        cstackCOMRAM 000001
int$flags                                                  temp         000071
intlevel0                                                  text         001238
intlevel1                                                  text         001238
intlevel2                                                  text         001238
intlevel3                                                  text         001238
main@address                                               cstackCOMRAM 00004C
set_duty_cycle@lower_2                                     cstackCOMRAM 000001
set_duty_cycle@mask                                        cstackCOMRAM 000003
set_duty_cycle@upper_8                                     cstackCOMRAM 000002
stackhi                                                    (abs)        0005F3
stacklo                                                    (abs)        0000A0
start                                                      init         000032
start_initialization                                       cinit        0010FA
ttemp5                                                     temp         000072
ttemp6                                                     temp         000075
ttemp7                                                     temp         000079
wtemp8                                                     temp         000072


FUNCTION INFORMATION:

 *************** function _main *****************
 Defined at:
		line 26 in file "main.c"
 Parameters:    Size  Location     Type
		None
 Auto vars:     Size  Location     Type
  address         2   75[COMRAM] int 
  temp            2    0        int 
 Return value:  Size  Location     Type
                  1    wreg      void 
 Registers used:
		wreg, status,2, status,0, prodl, prodh, cstack
 Tracked objects:
		On entry : 
		On exit  : 
		Unchanged: 
 Data sizes:     COMRAM   BANK0   BANK1   BANK2   BANK3   BANK4   BANK5
      Params:         0       0       0       0       0       0       0
      Locals:         4       0       0       0       0       0       0
      Temps:          2       0       0       0       0       0       0
      Totals:         6       0       0       0       0       0       0
Total ram usage:        6 bytes
 Hardware stack levels required when called:    5
 This function calls:
		_Timer0_Init
		_Timer0_StartTimer
		___fltol
		_get_temp
		_initialize_PWM
		_initialize_RX
		_initialize_TX
		_set_duty_cycle
 This function is called by:
		Startup code after reset
 This function uses a non-reentrant model


 *************** function _set_duty_cycle *****************
 Defined at:
		line 18 in file "pwm.c"
 Parameters:    Size  Location     Type
  upper_8         1    wreg     unsigned char 
  lower_2         1    0[COMRAM] unsigned char 
 Auto vars:     Size  Location     Type
  upper_8         1    1[COMRAM] unsigned char 
  mask            1    2[COMRAM] unsigned char 
 Return value:  Size  Location     Type
                  1    wreg      void 
 Registers used:
		wreg, status,2, status,0
 Tracked objects:
		On entry : 
		On exit  : 
		Unchanged: 
 Data sizes:     COMRAM   BANK0   BANK1   BANK2   BANK3   BANK4   BANK5
      Params:         1       0       0       0       0       0       0
      Locals:         2       0       0       0       0       0       0
      Temps:          0       0       0       0       0       0       0
      Totals:         3       0       0       0       0       0       0
Total ram usage:        3 bytes
 Hardware stack levels used:    1
 Hardware stack levels required when called:    2
 This function calls:
		Nothing
 This function is called by:
		_main
 This function uses a non-reentrant model


 *************** function _initialize_TX *****************
 Defined at:
		line 23 in file "serial.c"
 Parameters:    Size  Location     Type
		None
 Auto vars:     Size  Location     Type
		None
 Return value:  Size  Location     Type
                  1    wreg      void 
 Registers used:
		wreg, status,2
 Tracked objects:
		On entry : 
		On exit  : 
		Unchanged: 
 Data sizes:     COMRAM   BANK0   BANK1   BANK2   BANK3   BANK4   BANK5
      Params:         0       0       0       0       0       0       0
      Locals:         0       0       0       0       0       0       0
      Temps:          0       0       0       0       0       0       0
      Totals:         0       0       0       0       0       0       0
Total ram usage:        0 bytes
 Hardware stack levels used:    1
 Hardware stack levels required when called:    2
 This function calls:
		Nothing
 This function is called by:
		_main
 This function uses a non-reentrant model


 *************** function _initialize_RX *****************
 Defined at:
		line 32 in file "serial.c"
 Parameters:    Size  Location     Type
		None
 Auto vars:     Size  Location     Type
		None
 Return value:  Size  Location     Type
                  1    wreg      void 
 Registers used:
		wreg, status,2
 Tracked objects:
		On entry : 
		On exit  : 
		Unchanged: 
 Data sizes:     COMRAM   BANK0   BANK1   BANK2   BANK3   BANK4   BANK5
      Params:         0       0       0       0       0       0       0
      Locals:         0       0       0       0       0       0       0
      Temps:          0       0       0       0       0       0       0
      Totals:         0       0       0       0       0       0       0
Total ram usage:        0 bytes
 Hardware stack levels used:    1
 Hardware stack levels required when called:    2
 This function calls:
		Nothing
 This function is called by:
		_main
 This function uses a non-reentrant model


 *************** function _initialize_PWM *****************
 Defined at:
		line 5 in file "pwm.c"
 Parameters:    Size  Location     Type
  freq            2    0[COMRAM] int 
 Auto vars:     Size  Location     Type
		None
 Return value:  Size  Location     Type
                  1    wreg      void 
 Registers used:
		wreg, status,2, status,0
 Tracked objects:
		On entry : 
		On exit  : 
		Unchanged: 
 Data sizes:     COMRAM   BANK0   BANK1   BANK2   BANK3   BANK4   BANK5
      Params:         2       0       0       0       0       0       0
      Locals:         0       0       0       0       0       0       0
      Temps:          0       0       0       0       0       0       0
      Totals:         2       0       0       0       0       0       0
Total ram usage:        2 bytes
 Hardware stack levels used:    1
 Hardware stack levels required when called:    2
 This function calls:
		Nothing
 This function is called by:
		_main
 This function uses a non-reentrant model


 *************** function _get_temp *****************
 Defined at:
		line 10 in file "temp_adc.c"
 Parameters:    Size  Location     Type
		None
 Auto vars:     Size  Location     Type
  temp            4   55[COMRAM] float 
  real_voltage    4   51[COMRAM] float 
  adc_voltage     2   59[COMRAM] unsigned int 
 Return value:  Size  Location     Type
                  4   47[COMRAM] float 
 Registers used:
		wreg, status,2, status,0, prodl, prodh, cstack
 Tracked objects:
		On entry : 
		On exit  : 
		Unchanged: 
 Data sizes:     COMRAM   BANK0   BANK1   BANK2   BANK3   BANK4   BANK5
      Params:         4       0       0       0       0       0       0
      Locals:        10       0       0       0       0       0       0
      Temps:          0       0       0       0       0       0       0
      Totals:        14       0       0       0       0       0       0
Total ram usage:       14 bytes
 Hardware stack levels used:    1
 Hardware stack levels required when called:    4
 This function calls:
		_ADC_Init
		_ADC_Read
		___flmul
		___flsub
		___xxtofl
 This function is called by:
		_main
 This function uses a non-reentrant model


 *************** function ___xxtofl *****************
 Defined at:
		line 10 in file "/opt/microchip/xc8/v2.05/pic/sources/c99/common/xxtofl.c"
 Parameters:    Size  Location     Type
  sign            1    wreg     unsigned char 
  val             4    0[COMRAM] long 
 Auto vars:     Size  Location     Type
  sign            1    8[COMRAM] unsigned char 
  arg             4   10[COMRAM] unsigned long 
  exp             1    9[COMRAM] unsigned char 
 Return value:  Size  Location     Type
                  4    0[COMRAM] unsigned char 
 Registers used:
		wreg, status,2, status,0
 Tracked objects:
		On entry : 
		On exit  : 
		Unchanged: 
 Data sizes:     COMRAM   BANK0   BANK1   BANK2   BANK3   BANK4   BANK5
      Params:         4       0       0       0       0       0       0
      Locals:         6       0       0       0       0       0       0
      Temps:          4       0       0       0       0       0       0
      Totals:        14       0       0       0       0       0       0
Total ram usage:       14 bytes
 Hardware stack levels used:    1
 Hardware stack levels required when called:    2
 This function calls:
		Nothing
 This function is called by:
		_get_temp
 This function uses a non-reentrant model


 *************** function ___flsub *****************
 Defined at:
		line 245 in file "/opt/microchip/xc8/v2.05/pic/sources/c99/common/sprcadd.c"
 Parameters:    Size  Location     Type
  b               4   39[COMRAM] unsigned char 
  a               4   43[COMRAM] unsigned char 
 Auto vars:     Size  Location     Type
		None
 Return value:  Size  Location     Type
                  4   39[COMRAM] unsigned char 
 Registers used:
		wreg, status,2, status,0, cstack
 Tracked objects:
		On entry : 
		On exit  : 
		Unchanged: 
 Data sizes:     COMRAM   BANK0   BANK1   BANK2   BANK3   BANK4   BANK5
      Params:         8       0       0       0       0       0       0
      Locals:         0       0       0       0       0       0       0
      Temps:          0       0       0       0       0       0       0
      Totals:         8       0       0       0       0       0       0
Total ram usage:        8 bytes
 Hardware stack levels used:    1
 Hardware stack levels required when called:    3
 This function calls:
		___fladd
 This function is called by:
		_get_temp
 This function uses a non-reentrant model


 *************** function ___fladd *****************
 Defined at:
		line 10 in file "/opt/microchip/xc8/v2.05/pic/sources/c99/common/sprcadd.c"
 Parameters:    Size  Location     Type
  b               4    0[COMRAM] unsigned char 
  a               4    4[COMRAM] unsigned char 
 Auto vars:     Size  Location     Type
  grs             1   15[COMRAM] unsigned char 
  bexp            1   14[COMRAM] unsigned char 
  aexp            1   13[COMRAM] unsigned char 
  signs           1   12[COMRAM] unsigned char 
 Return value:  Size  Location     Type
                  4    0[COMRAM] unsigned char 
 Registers used:
		wreg, status,2, status,0
 Tracked objects:
		On entry : 
		On exit  : 
		Unchanged: 
 Data sizes:     COMRAM   BANK0   BANK1   BANK2   BANK3   BANK4   BANK5
      Params:         8       0       0       0       0       0       0
      Locals:         4       0       0       0       0       0       0
      Temps:          4       0       0       0       0       0       0
      Totals:        16       0       0       0       0       0       0
Total ram usage:       16 bytes
 Hardware stack levels used:    1
 Hardware stack levels required when called:    2
 This function calls:
		Nothing
 This function is called by:
		___flsub
 This function uses a non-reentrant model


 *************** function ___flmul *****************
 Defined at:
		line 8 in file "/opt/microchip/xc8/v2.05/pic/sources/c99/common/sprcmul.c"
 Parameters:    Size  Location     Type
  b               4   14[COMRAM] unsigned char 
  a               4   18[COMRAM] unsigned char 
 Auto vars:     Size  Location     Type
  prod            4   33[COMRAM] struct .
  grs             4   27[COMRAM] unsigned long 
  temp            2   37[COMRAM] struct .
  bexp            1   32[COMRAM] unsigned char 
  aexp            1   31[COMRAM] unsigned char 
  sign            1   26[COMRAM] unsigned char 
 Return value:  Size  Location     Type
                  4   14[COMRAM] unsigned char 
 Registers used:
		wreg, status,2, status,0, prodl, prodh
 Tracked objects:
		On entry : 
		On exit  : 
		Unchanged: 
 Data sizes:     COMRAM   BANK0   BANK1   BANK2   BANK3   BANK4   BANK5
      Params:         8       0       0       0       0       0       0
      Locals:        13       0       0       0       0       0       0
      Temps:          4       0       0       0       0       0       0
      Totals:        25       0       0       0       0       0       0
Total ram usage:       25 bytes
 Hardware stack levels used:    1
 Hardware stack levels required when called:    2
 This function calls:
		Nothing
 This function is called by:
		_get_temp
 This function uses a non-reentrant model


 *************** function _ADC_Read *****************
 Defined at:
		line 28 in file "adc.c"
 Parameters:    Size  Location     Type
  channel         1    wreg     unsigned char 
 Auto vars:     Size  Location     Type
  channel         1    4[COMRAM] unsigned char 
 Return value:  Size  Location     Type
                  2    0[COMRAM] unsigned int 
 Registers used:
		wreg, status,2, status,0
 Tracked objects:
		On entry : 
		On exit  : 
		Unchanged: 
 Data sizes:     COMRAM   BANK0   BANK1   BANK2   BANK3   BANK4   BANK5
      Params:         2       0       0       0       0       0       0
      Locals:         1       0       0       0       0       0       0
      Temps:          2       0       0       0       0       0       0
      Totals:         5       0       0       0       0       0       0
Total ram usage:        5 bytes
 Hardware stack levels used:    1
 Hardware stack levels required when called:    2
 This function calls:
		Nothing
 This function is called by:
		_get_temp
 This function uses a non-reentrant model


 *************** function _ADC_Init *****************
 Defined at:
		line 23 in file "adc.c"
 Parameters:    Size  Location     Type
		None
 Auto vars:     Size  Location     Type
		None
 Return value:  Size  Location     Type
                  1    wreg      void 
 Registers used:
		wreg, status,2
 Tracked objects:
		On entry : 
		On exit  : 
		Unchanged: 
 Data sizes:     COMRAM   BANK0   BANK1   BANK2   BANK3   BANK4   BANK5
      Params:         0       0       0       0       0       0       0
      Locals:         0       0       0       0       0       0       0
      Temps:          0       0       0       0       0       0       0
      Totals:         0       0       0       0       0       0       0
Total ram usage:        0 bytes
 Hardware stack levels used:    1
 Hardware stack levels required when called:    2
 This function calls:
		Nothing
 This function is called by:
		_get_temp
 This function uses a non-reentrant model


 *************** function ___fltol *****************
 Defined at:
		line 43 in file "/opt/microchip/xc8/v2.05/pic/sources/c99/common/fltol.c"
 Parameters:    Size  Location     Type
  f1              4   61[COMRAM] void 
 Auto vars:     Size  Location     Type
  exp1            1   70[COMRAM] unsigned char 
  sign1           1   69[COMRAM] unsigned char 
 Return value:  Size  Location     Type
                  4   61[COMRAM] long 
 Registers used:
		wreg, status,2, status,0
 Tracked objects:
		On entry : 
		On exit  : 
		Unchanged: 
 Data sizes:     COMRAM   BANK0   BANK1   BANK2   BANK3   BANK4   BANK5
      Params:         4       0       0       0       0       0       0
      Locals:         2       0       0       0       0       0       0
      Temps:          4       0       0       0       0       0       0
      Totals:        10       0       0       0       0       0       0
Total ram usage:       10 bytes
 Hardware stack levels used:    1
 Hardware stack levels required when called:    2
 This function calls:
		Nothing
 This function is called by:
		_main
 This function uses a non-reentrant model


 *************** function _Timer0_StartTimer *****************
 Defined at:
		line 21 in file "timer.c"
 Parameters:    Size  Location     Type
		None
 Auto vars:     Size  Location     Type
		None
 Return value:  Size  Location     Type
                  2  117[None  ] int 
 Registers used:
		None
 Tracked objects:
		On entry : 
		On exit  : 
		Unchanged: 
 Data sizes:     COMRAM   BANK0   BANK1   BANK2   BANK3   BANK4   BANK5
      Params:         0       0       0       0       0       0       0
      Locals:         0       0       0       0       0       0       0
      Temps:          0       0       0       0       0       0       0
      Totals:         0       0       0       0       0       0       0
Total ram usage:        0 bytes
 Hardware stack levels used:    1
 Hardware stack levels required when called:    2
 This function calls:
		Nothing
 This function is called by:
		_main
 This function uses a non-reentrant model


 *************** function _Timer0_Init *****************
 Defined at:
		line 8 in file "timer.c"
 Parameters:    Size  Location     Type
		None
 Auto vars:     Size  Location     Type
		None
 Return value:  Size  Location     Type
                  1    wreg      void 
 Registers used:
		wreg, status,2
 Tracked objects:
		On entry : 
		On exit  : 
		Unchanged: 
 Data sizes:     COMRAM   BANK0   BANK1   BANK2   BANK3   BANK4   BANK5
      Params:         0       0       0       0       0       0       0
      Locals:         0       0       0       0       0       0       0
      Temps:          0       0       0       0       0       0       0
      Totals:         0       0       0       0       0       0       0
Total ram usage:        0 bytes
 Hardware stack levels used:    1
 Hardware stack levels required when called:    2
 This function calls:
		Nothing
 This function is called by:
		_main
 This function uses a non-reentrant model


 *************** function _timingISR *****************
 Defined at:
		line 31 in file "timer.c"
 Parameters:    Size  Location     Type
		None
 Auto vars:     Size  Location     Type
		None
 Return value:  Size  Location     Type
                  1    wreg      void 
 Registers used:
		wreg, status,2, status,0, cstack
 Tracked objects:
		On entry : 
		On exit  : 
		Unchanged: 
 Data sizes:     COMRAM   BANK0   BANK1   BANK2   BANK3   BANK4   BANK5
      Params:         0       0       0       0       0       0       0
      Locals:         0       0       0       0       0       0       0
      Temps:          0       0       0       0       0       0       0
      Totals:         0       0       0       0       0       0       0
Total ram usage:        0 bytes
 Hardware stack levels used:    1
 Hardware stack levels required when called:    1
 This function calls:
		i2_Timer0_StartTimer
 This function is called by:
		Interrupt level 2
 This function uses a non-reentrant model


 *************** function i2_Timer0_StartTimer *****************
 Defined at:
		line 21 in file "timer.c"
 Parameters:    Size  Location     Type
		None
 Auto vars:     Size  Location     Type
		None
 Return value:  Size  Location     Type
                  2    0[None  ] int 
 Registers used:
		None
 Tracked objects:
		On entry : 
		On exit  : 
		Unchanged: 
 Data sizes:     COMRAM   BANK0   BANK1   BANK2   BANK3   BANK4   BANK5
      Params:         0       0       0       0       0       0       0
      Locals:         0       0       0       0       0       0       0
      Temps:          0       0       0       0       0       0       0
      Totals:         0       0       0       0       0       0       0
Total ram usage:        0 bytes
 Hardware stack levels used:    1
 This function calls:
		Nothing
 This function is called by:
		_timingISR
 This function uses a non-reentrant model



MODULE INFORMATION

Module		Function		Class		Link	Load	Size
/opt/microchip/xc8/v2.05/pic/sources/c99/common/sprcmul.c
		___flmul       		CODE           	064C	0000	899

/opt/microchip/xc8/v2.05/pic/sources/c99/common/sprcmul.c estimated size: 899

serial.c
		_initialize_RX 		CODE           	11FE	0000	21
		_initialize_TX 		CODE           	11EA	0000	21

serial.c estimated size: 42

temp_adc.c
		_get_temp      		CODE           	0F42	0000	203

temp_adc.c estimated size: 203

timer.c
		_Timer0_Init   		CODE           	118E	0000	37
		_Timer0_StartTimer		CODE           	1220	0000	9
		_timingISR     		CODE           	0008	0000	43

timer.c estimated size: 89

pwm.c
		_set_duty_cycle		CODE           	11B2	0000	35
		_initialize_PWM		CODE           	11D4	0000	23

pwm.c estimated size: 58

/opt/microchip/xc8/v2.05/pic/sources/c99/common/sprcadd.c
		___flsub       		CODE           	1144	0000	75
		___fladd       		CODE           	09CE	0000	837

/opt/microchip/xc8/v2.05/pic/sources/c99/common/sprcadd.c estimated size: 912

/opt/microchip/xc8/v2.05/pic/sources/c99/common/xxtofl.c
		___xxtofl      		CODE           	0D12	0000	349

/opt/microchip/xc8/v2.05/pic/sources/c99/common/xxtofl.c estimated size: 349

adc.c
		_ADC_Read      		CODE           	10A6	0000	85
		_ADC_Init      		CODE           	1212	0000	15

adc.c estimated size: 100

shared
		__initialization		CODE           	10FA	0000	57
		i2_Timer0_StartTimer		CODE           	1228	0000	9

shared estimated size: 66

/opt/microchip/xc8/v2.05/pic/sources/c99/common/fltol.c
		___fltol       		CODE           	0E6E	0000	213

/opt/microchip/xc8/v2.05/pic/sources/c99/common/fltol.c estimated size: 213

main.c
		_main          		CODE           	100C	0000	155

main.c estimated size: 155

