Microchip MPLAB XC8 Compiler V2.05 ()

Linker command line:

-W-3 --edf=/opt/microchip/xc8/v2.05/pic/dat/en_msgs.txt -cs \
  -h+dist/default/production/EE475_Capstone.X.production.sym \
  --cmf=dist/default/production/EE475_Capstone.X.production.cmf -z -Q18F452 \
  -o/tmp/xcXL5t3Ap --defsym=__MPLAB_BUILD=1 \
  -Mdist/default/production/EE475_Capstone.X.production.map -E1 -ver=XC8 \
  --acfsm=1493 -ASTACK=0100h-05FFh -pstack=STACK -ACODE=00h-03FFFhx2 \
  -ACONST=00h-07FFFh -ASMALLCONST=0600h-06FFhx122 \
  -AMEDIUMCONST=0600h-07FFFh -ACOMRAM=01h-07Fh -AABS1=00h-05FFh \
  -ABIGRAM=01h-05FFh -ARAM=080h-0FFh,0100h-01FFhx5 -ABANK0=080h-0FFh \
  -ABANK1=0100h-01FFh -ABANK2=0200h-02FFh -ABANK3=0300h-03FFh \
  -ABANK4=0400h-04FFh -ABANK5=0500h-05FFh -ASFR=0F80h-0FFFh \
  -preset_vec=00h,intcode=08h,intcodelo,powerup,init -pramtop=0600h \
  -psmallconst=SMALLCONST -pmediumconst=MEDIUMCONST -pconst=CONST \
  -AFARRAM=00h-00h -ACONFIG=0300000h-030000Dh -pconfig=CONFIG \
  -AIDLOC=0200000h-0200007h -pidloc=IDLOC -AEEDATA=0F00000h-0F000FFh \
  -peeprom_data=EEDATA \
  -prdata=COMRAM,nvrram=COMRAM,nvbit=COMRAM,rbss=COMRAM,rbit=COMRAM \
  -pfarbss=FARRAM,fardata=FARRAM,nvFARRAM=FARRAM \
  -pintsave_regs=BIGRAM,bigbss=BIGRAM,bigdata=BIGRAM -pbss=RAM \
  -pidata=CODE,irdata=CODE,ibigdata=CODE,ifardata=CODE -prparam=COMRAM \
  /tmp/xcXJngLjL.o dist/default/production/EE475_Capstone.X.production.o 

Object code version is 3.11

Machine type is 18F452

Call graph: (short form)




                Name                               Link     Load   Length Selector   Space Scale
/tmp/xcXJngLjL.o
                text                               3EF4     3EF4        2     1F77       0
                init                                 34       34        4        4       0
                reset_vec                             0        0        6        0       0
                idloc                            200000   200000        8   200000       0
                config                           300000   300000        E   300000       0
dist/default/production/EE475_Capstone.X.production.o
                intcode                               8        8       2C        4       0
                temp                                 7F       7F        1        1       1
                smallconst                          600      600       F2      300       0
                text57                             3EDE     3EDE        8      379       0
                text55                             3E2E     3E2E       16      379       0
                text54                             3DC4     3DC4       26      379       0
                text53                             3ED6     3ED6        8      379       0
                text52                             3ECE     3ECE        8      379       0
                text51                             3D6E     3D6E       2C      379       0
                text50                             32FE     32FE       D4      379       0
                text49                             3770     3770       90      379       0
                text48                             3EB6     3EB6        E      379       0
                text47                             3A74     3A74       54      379       0
                text46                             1892     1892      382      379       0
                text45                             1C14     1C14      344      379       0
                text44                             3AC8     3AC8       4A      379       0
                text43                             2CFE     2CFE      15C      379       0
                text42                             33D2     33D2       CA      379       0
                text41                             3E80     3E80       14      379       0
                text40                             3E6C     3E6C       14      379       0
                text39                             3EA6     3EA6       10      379       0
                text38                             3E58     3E58       14      379       0
                text37                             3E44     3E44       14      379       0
                text36                             388A     388A       88      379       0
                text35                             3EC4     3EC4        A      379       0
                text34                             3800     3800       8A      379       0
                text33                             3E94     3E94       12      379       0
                text32                             3D9A     3D9A       2A      379       0
                text31                             3D04     3D04       38      379       0
                text30                             3B5A     3B5A       44      379       0
                text29                             2A3C     2A3C      166      379       0
                text28                             3EEE     3EEE        6     1F77       0
                text27                             361A     361A       AC      379       0
                text26                             3B9E     3B9E       42      379       0
                text25                             3D3C     3D3C       32      379       0
                text24                             36C6     36C6       AA      379       0
                text23                             3A1E     3A1E       56      379       0
                text22                             2BA2     2BA2      15C      379       0
                text21                             30EA     30EA      138      379       0
                text20                             3C58     3C58       3C      379       0
                text19                             221E     221E      26A      379       0
                text18                             28A2     28A2      19A      379       0
                text17                             2FA6     2FA6      144      379       0
                text16                             349C     349C       C2      379       0
                text15                             3222     3222       DC      379       0
                text14                             355E     355E       BC      379       0
                text13                             26E0     26E0      1C2      379       0
                text12                             3C1C     3C1C       3C      379       0
                text11                             3CCC     3CCC       38      379       0
                text10                             3C94     3C94       38      379       0
                text9                              39C8     39C8       56      379       0
                text8                              2488     2488      258      379       0
                text7                               6F2      6F2     11A0      379       0
                text6                              3912     3912       60      379       0
                text5                              3972     3972       56      379       0
                text4                              3B12     3B12       48      379       0
                text3                              3E0C     3E0C       22      379       0
                text2                              2E5A     2E5A      14C      379       0
                text1                              3DEA     3DEA       22      379       0
                text0                              1F58     1F58      2C6      379       0
                cstackCOMRAM                          1        1       7D        1       1
                cstackBANK0                          80       80       3F       80       1
                dataBANK0                            F9       F9        7       80       1
                bssBANK0                             BF       BF       3A       80       1
                bssCOMRAM                            7E       7E        1        1       1
                cinit                              3BE0     3BE0       3C      379       0
                idataBANK0                         3EE6     3EE6        7      379       0

TOTAL           Name                               Link     Load   Length     Space
        CLASS   STACK          

        CLASS   CODE           
                intcode                               8        8       2C         0
                text                               3EF4     3EF4        2         0
                init                                 34       34        4         0
                reset_vec                             0        0        6         0
                text57                             3EDE     3EDE        8         0
                text55                             3E2E     3E2E       16         0
                text54                             3DC4     3DC4       26         0
                text53                             3ED6     3ED6        8         0
                text52                             3ECE     3ECE        8         0
                text51                             3D6E     3D6E       2C         0
                text50                             32FE     32FE       D4         0
                text49                             3770     3770       90         0
                text48                             3EB6     3EB6        E         0
                text47                             3A74     3A74       54         0
                text46                             1892     1892      382         0
                text45                             1C14     1C14      344         0
                text44                             3AC8     3AC8       4A         0
                text43                             2CFE     2CFE      15C         0
                text42                             33D2     33D2       CA         0
                text41                             3E80     3E80       14         0
                text40                             3E6C     3E6C       14         0
                text39                             3EA6     3EA6       10         0
                text38                             3E58     3E58       14         0
                text37                             3E44     3E44       14         0
                text36                             388A     388A       88         0
                text35                             3EC4     3EC4        A         0
                text34                             3800     3800       8A         0
                text33                             3E94     3E94       12         0
                text32                             3D9A     3D9A       2A         0
                text31                             3D04     3D04       38         0
                text30                             3B5A     3B5A       44         0
                text29                             2A3C     2A3C      166         0
                text28                             3EEE     3EEE        6         0
                text27                             361A     361A       AC         0
                text26                             3B9E     3B9E       42         0
                text25                             3D3C     3D3C       32         0
                text24                             36C6     36C6       AA         0
                text23                             3A1E     3A1E       56         0
                text22                             2BA2     2BA2      15C         0
                text21                             30EA     30EA      138         0
                text20                             3C58     3C58       3C         0
                text19                             221E     221E      26A         0
                text18                             28A2     28A2      19A         0
                text17                             2FA6     2FA6      144         0
                text16                             349C     349C       C2         0
                text15                             3222     3222       DC         0
                text14                             355E     355E       BC         0
                text13                             26E0     26E0      1C2         0
                text12                             3C1C     3C1C       3C         0
                text11                             3CCC     3CCC       38         0
                text10                             3C94     3C94       38         0
                text9                              39C8     39C8       56         0
                text8                              2488     2488      258         0
                text7                               6F2      6F2     11A0         0
                text6                              3912     3912       60         0
                text5                              3972     3972       56         0
                text4                              3B12     3B12       48         0
                text3                              3E0C     3E0C       22         0
                text2                              2E5A     2E5A      14C         0
                text1                              3DEA     3DEA       22         0
                text0                              1F58     1F58      2C6         0
                cinit                              3BE0     3BE0       3C         0
                idataBANK0                         3EE6     3EE6        7         0

        CLASS   CONST          

        CLASS   SMALLCONST     
                smallconst                          600      600       F2         0

        CLASS   MEDIUMCONST    

        CLASS   COMRAM         
                temp                                 7F       7F        1         1
                cstackCOMRAM                          1        1       7D         1
                bssCOMRAM                            7E       7E        1         1

        CLASS   ABS1           

        CLASS   BIGRAM         

        CLASS   RAM            

        CLASS   BANK0          
                cstackBANK0                          80       80       3F         1
                dataBANK0                            F9       F9        7         1
                bssBANK0                             BF       BF       3A         1

        CLASS   BANK1          

        CLASS   BANK2          

        CLASS   BANK3          

        CLASS   BANK4          

        CLASS   BANK5          

        CLASS   SFR            

        CLASS   FARRAM         

        CLASS   CONFIG         
                config                           300000   300000        E         0

        CLASS   IDLOC          
                idloc                            200000   200000        8         0

        CLASS   EEDATA         



SEGMENTS        Name                           Load    Length   Top    Selector   Space  Class

                reset_vec                      000000  000006  000006         0       0  CODE    
                cstackCOMRAM                   000001  00007F  000080         1       1  COMRAM  
                intcode                        000008  000030  000038         4       0  CODE    
                cstackBANK0                    000080  000080  000100        80       1  BANK0   
                smallconst                     000600  0000F2  0006F2       300       0  SMALLCON
                text7                          0006F2  0037FB  003EED       379       0  CODE    
                text28                         003EEE  000008  003EF6      1F77       0  CODE    
                idloc                          200000  000008  200008    200000       0  IDLOC   
                config                         300000  00000E  30000E    300000       0  CONFIG  


UNUSED ADDRESS RANGES

        Name                Unused          Largest block    Delta
        BANK1            000100-0001FF              100
        BANK2            000200-0002FF              100
        BANK3            000300-0003FF              100
        BANK4            000400-0004FF              100
        BANK5            000500-0005FF              100
        BIGRAM           000100-0005FF              500
        CODE             000006-000007                2
                         000038-0005FF              5C8
                         003EED-003EED                1
                         003EF6-007FFF              10A
        CONST            000006-000007                2
                         000038-0005FF              5C8
                         003EED-003EED                1
                         003EF6-007FFF             410A
        EEDATA           F00000-F000FF              100
        MEDIUMCONST      003EED-003EED                1
                         003EF6-007FFF             410A
        RAM              000100-0005FF              100
        SFR              000F80-000FFF               80
        SMALLCONST       003EED-003EED                1
                         003EF6-007FFF              100
        STACK            000100-0005FF              500

                                  Symbol Table

?_ADC_Read                                                           cstackCOMRAM 000001
?_ReadTime                                                           cstackCOMRAM 000001
?___aodiv                                                            cstackCOMRAM 000001
?___aomod                                                            cstackCOMRAM 000001
?___fladd                                                            cstackCOMRAM 000001
?___flmul                                                            cstackCOMRAM 00000F
?___flsub                                                            cstackCOMRAM 000028
?___fltol                                                            cstackCOMRAM 00003E
?___lldiv                                                            cstackCOMRAM 000005
?___lodiv                                                            cstackCOMRAM 000001
?___lomod                                                            cstackCOMRAM 000001
?___wmul                                                             cstackCOMRAM 000001
?___xxtofl                                                           cstackCOMRAM 000001
?_abs                                                                cstackCOMRAM 000013
?_atoi                                                               cstackCOMRAM 000008
?_ctoa                                                               cstackCOMRAM 00001C
?_dtoa                                                               cstackCOMRAM 00001C
?_fgetc                                                              cstackCOMRAM 000003
?_get_temp                                                           cstackCOMRAM 000030
?_getch                                                              cstackCOMRAM 000001
?_int_to_char                                                        cstackCOMRAM 00007A
?_isalpha                                                            cstackCOMRAM 000001
?_isdigit                                                            cstackCOMRAM 000001
?_islower                                                            cstackCOMRAM 000001
?_isspace                                                            cstackCOMRAM 000001
?_isupper                                                            cstackCOMRAM 000001
?_otoa                                                               cstackCOMRAM 00001C
?_pad                                                                cstackCOMRAM 000011
?_sprintf                                                            cstackBANK0  000080
?_stoa                                                               cstackCOMRAM 00000A
?_strlen                                                             cstackCOMRAM 000001
?_strncmp                                                            cstackCOMRAM 000001
?_toupper                                                            cstackCOMRAM 000007
?_utoa                                                               cstackCOMRAM 00001C
?_vfpfcnvrt                                                          cstackCOMRAM 000043
?_vfprintf                                                           cstackCOMRAM 000072
?_xtoa                                                               cstackCOMRAM 00001C
ADC_Read@channel                                                     cstackCOMRAM 000005
UARTSendChar@c                                                       cstackCOMRAM 000001
UARTSendString@c                                                     cstackBANK0  0000A0
UARTSendString@i                                                     cstackBANK0  0000A4
_ADCON0                                                              (abs)        000FC2
_ADCON1                                                              (abs)        000FC1
_ADC_Init                                                            text48       003EB6
_ADC_Read                                                            text47       003A74
_ADRESH                                                              (abs)        000FC4
_ADRESL                                                              (abs)        000FC3
_CCP1CON                                                             (abs)        000FBD
_CCPR1L                                                              (abs)        000FBE
_GO_nDONE                                                            (abs)        007E12
_INTCON2bits                                                         (abs)        000FF1
_INTCONbits                                                          (abs)        000FF2
_PORTA                                                               (abs)        000F80
_PORTB                                                               (abs)        000F81
_PORTD                                                               (abs)        000F83
_PR2                                                                 (abs)        000FCB
_RB5                                                                 (abs)        007C0D
_RC0                                                                 (abs)        007C10
_RCIF                                                                (abs)        007CF5
_RCONbits                                                            (abs)        000FD0
_RCREG1                                                              (abs)        000FAE
_RCSTA                                                               (abs)        000FAB
_RCSTAbits                                                           (abs)        000FAB
_ReadTime                                                            text55       003E2E
_SPBRG                                                               (abs)        000FAF
_SSPBUF                                                              (abs)        000FC9
_SSPCON1                                                             (abs)        000FC6
_SSPSTATbits                                                         (abs)        000FC7
_T0CON                                                               (abs)        000FD5
_T0CONbits                                                           (abs)        000FD5
_T2CON                                                               (abs)        000FCA
_TMR0H                                                               (abs)        000FD7
_TMR0IE                                                              (abs)        007F95
_TMR0IF                                                              (abs)        007F92
_TMR0L                                                               (abs)        000FD6
_TMR2IE                                                              (abs)        007CE9
_TMR2IP                                                              (abs)        007CF9
_TRISA                                                               (abs)        000F92
_TRISB                                                               (abs)        000F93
_TRISC                                                               (abs)        000F94
_TRISCbits                                                           (abs)        000F94
_TRISD                                                               (abs)        000F95
_TXREG                                                               (abs)        000FAD
_TXSTAbits                                                           (abs)        000FAC
_Timer0_Init                                                         text54       003DC4
_Timer0_StartTimer                                                   text53       003ED6
_Timer0_StopTimer                                                    text52       003ECE
_UARTNewLine                                                         text37       003E44
_UARTRecieveChar                                                     text51       003D6E
_UARTSendChar                                                        text38       003E58
_UARTSendString                                                      text36       00388A
__CFG_BOR$ON                                                         (abs)        000000
__CFG_BORV$20                                                        (abs)        000000
__CFG_CCP2MUX$ON                                                     (abs)        000000
__CFG_CP0$OFF                                                        (abs)        000000
__CFG_CP1$OFF                                                        (abs)        000000
__CFG_CP2$OFF                                                        (abs)        000000
__CFG_CP3$OFF                                                        (abs)        000000
__CFG_CPB$OFF                                                        (abs)        000000
__CFG_CPD$OFF                                                        (abs)        000000
__CFG_EBTR0$OFF                                                      (abs)        000000
__CFG_EBTR1$OFF                                                      (abs)        000000
__CFG_EBTR2$OFF                                                      (abs)        000000
__CFG_EBTR3$OFF                                                      (abs)        000000
__CFG_EBTRB$OFF                                                      (abs)        000000
__CFG_LVP$OFF                                                        (abs)        000000
__CFG_OSC$RCIO                                                       (abs)        000000
__CFG_OSCS$OFF                                                       (abs)        000000
__CFG_PWRT$OFF                                                       (abs)        000000
__CFG_STVR$ON                                                        (abs)        000000
__CFG_WDT$OFF                                                        (abs)        000000
__CFG_WDTPS$128                                                      (abs)        000000
__CFG_WRT0$OFF                                                       (abs)        000000
__CFG_WRT1$OFF                                                       (abs)        000000
__CFG_WRT2$OFF                                                       (abs)        000000
__CFG_WRT3$OFF                                                       (abs)        000000
__CFG_WRTB$OFF                                                       (abs)        000000
__CFG_WRTC$OFF                                                       (abs)        000000
__CFG_WRTD$OFF                                                       (abs)        000000
__HRAM                                                               (abs)        000000
__Habs1                                                              abs1         000000
__Hbank0                                                             bank0        000000
__Hbank1                                                             bank1        000000
__Hbank2                                                             bank2        000000
__Hbank3                                                             bank3        000000
__Hbank4                                                             bank4        000000
__Hbank5                                                             bank5        000000
__Hbigbss                                                            bigbss       000000
__Hbigdata                                                           bigdata      000000
__Hbigram                                                            bigram       000000
__Hbss                                                               bss          000000
__HbssBANK0                                                          bssBANK0     000000
__HbssCOMRAM                                                         bssCOMRAM    000000
__Hcinit                                                             cinit        000000
__Hclrtext                                                           clrtext      000000
__Hcomram                                                            comram       000000
__Hconfig                                                            config       30000E
__Hconst                                                             const        000000
__HcstackBANK0                                                       cstackBANK0  000000
__HcstackCOMRAM                                                      cstackCOMRAM 000000
__Hdata                                                              data         000000
__HdataBANK0                                                         dataBANK0    000000
__Heeprom_data                                                       eeprom_data  000000
__Hfarbss                                                            farbss       000000
__Hfardata                                                           fardata      000000
__Hibigdata                                                          ibigdata     000000
__Hidata                                                             idata        000000
__HidataBANK0                                                        idataBANK0   000000
__Hidloc                                                             idloc        200008
__Hifardata                                                          ifardata     000000
__Hinit                                                              init         000038
__Hintcode                                                           intcode      000034
__Hintcode_body                                                      intcode_body 000000
__Hintcodelo                                                         intcodelo    000034
__Hintentry                                                          intentry     000000
__Hintret                                                            intret       000000
__Hintsave_regs                                                      intsave_regs 000000
__Hirdata                                                            irdata       000000
__Hmediumconst                                                       mediumconst  000000
__HnvFARRAM                                                          nvFARRAM     000000
__Hnvbit                                                             nvbit        000000
__Hnvrram                                                            nvrram       000000
__Hparam                                                             rparam       000000
__Hpowerup                                                           powerup      000034
__Hram                                                               ram          000000
__Hramtop                                                            ramtop       000600
__Hrbit                                                              rbit         000000
__Hrbss                                                              rbss         000000
__Hrdata                                                             rdata        000000
__Hreset_vec                                                         reset_vec    000006
__Hrparam                                                            rparam       000000
__Hsfr                                                               sfr          000000
__Hsmallconst                                                        smallconst   0006F2
__Hspace_0                                                           (abs)        30000E
__Hspace_1                                                           (abs)        000100
__Hspace_2                                                           (abs)        000000
__Hstack                                                             stack        000000
__Hstruct                                                            struct       000000
__Htemp                                                              temp         000080
__Htext                                                              text         000000
__Htext0                                                             text0        000000
__Htext1                                                             text1        000000
__Htext10                                                            text10       000000
__Htext11                                                            text11       000000
__Htext12                                                            text12       000000
__Htext13                                                            text13       000000
__Htext14                                                            text14       000000
__Htext15                                                            text15       000000
__Htext16                                                            text16       000000
__Htext17                                                            text17       000000
__Htext18                                                            text18       000000
__Htext19                                                            text19       000000
__Htext2                                                             text2        000000
__Htext20                                                            text20       000000
__Htext21                                                            text21       000000
__Htext22                                                            text22       000000
__Htext23                                                            text23       000000
__Htext24                                                            text24       000000
__Htext25                                                            text25       000000
__Htext26                                                            text26       000000
__Htext27                                                            text27       000000
__Htext28                                                            text28       000000
__Htext29                                                            text29       000000
__Htext3                                                             text3        000000
__Htext30                                                            text30       000000
__Htext31                                                            text31       000000
__Htext32                                                            text32       000000
__Htext33                                                            text33       000000
__Htext34                                                            text34       000000
__Htext35                                                            text35       000000
__Htext36                                                            text36       000000
__Htext37                                                            text37       000000
__Htext38                                                            text38       000000
__Htext39                                                            text39       000000
__Htext4                                                             text4        000000
__Htext40                                                            text40       000000
__Htext41                                                            text41       000000
__Htext42                                                            text42       000000
__Htext43                                                            text43       000000
__Htext44                                                            text44       000000
__Htext45                                                            text45       000000
__Htext46                                                            text46       000000
__Htext47                                                            text47       000000
__Htext48                                                            text48       000000
__Htext49                                                            text49       000000
__Htext5                                                             text5        000000
__Htext50                                                            text50       000000
__Htext51                                                            text51       000000
__Htext52                                                            text52       000000
__Htext53                                                            text53       000000
__Htext54                                                            text54       000000
__Htext55                                                            text55       000000
__Htext57                                                            text57       000000
__Htext6                                                             text6        000000
__Htext7                                                             text7        000000
__Htext8                                                             text8        000000
__Htext9                                                             text9        000000
__LRAM                                                               (abs)        000001
__Labs1                                                              abs1         000000
__Lbank0                                                             bank0        000000
__Lbank1                                                             bank1        000000
__Lbank2                                                             bank2        000000
__Lbank3                                                             bank3        000000
__Lbank4                                                             bank4        000000
__Lbank5                                                             bank5        000000
__Lbigbss                                                            bigbss       000000
__Lbigdata                                                           bigdata      000000
__Lbigram                                                            bigram       000000
__Lbss                                                               bss          000000
__LbssBANK0                                                          bssBANK0     000000
__LbssCOMRAM                                                         bssCOMRAM    000000
__Lcinit                                                             cinit        000000
__Lclrtext                                                           clrtext      000000
__Lcomram                                                            comram       000000
__Lconfig                                                            config       300000
__Lconst                                                             const        000000
__LcstackBANK0                                                       cstackBANK0  000000
__LcstackCOMRAM                                                      cstackCOMRAM 000000
__Ldata                                                              data         000000
__LdataBANK0                                                         dataBANK0    000000
__Leeprom_data                                                       eeprom_data  000000
__Lfarbss                                                            farbss       000000
__Lfardata                                                           fardata      000000
__Libigdata                                                          ibigdata     000000
__Lidata                                                             idata        000000
__LidataBANK0                                                        idataBANK0   000000
__Lidloc                                                             idloc        200000
__Lifardata                                                          ifardata     000000
__Linit                                                              init         000034
__Lintcode                                                           intcode      000008
__Lintcode_body                                                      intcode_body 000000
__Lintcodelo                                                         intcodelo    000034
__Lintentry                                                          intentry     000000
__Lintret                                                            intret       000000
__Lintsave_regs                                                      intsave_regs 000000
__Lirdata                                                            irdata       000000
__Lmediumconst                                                       mediumconst  000000
__LnvFARRAM                                                          nvFARRAM     000000
__Lnvbit                                                             nvbit        000000
__Lnvrram                                                            nvrram       000000
__Lparam                                                             rparam       000000
__Lpowerup                                                           powerup      000034
__Lram                                                               ram          000000
__Lramtop                                                            ramtop       000600
__Lrbit                                                              rbit         000000
__Lrbss                                                              rbss         000000
__Lrdata                                                             rdata        000000
__Lreset_vec                                                         reset_vec    000000
__Lrparam                                                            rparam       000000
__Lsfr                                                               sfr          000000
__Lsmallconst                                                        smallconst   000600
__Lspace_0                                                           (abs)        000000
__Lspace_1                                                           (abs)        000000
__Lspace_2                                                           (abs)        000000
__Lstack                                                             stack        000000
__Lstruct                                                            struct       000000
__Ltemp                                                              temp         00007F
__Ltext                                                              text         000000
__Ltext0                                                             text0        000000
__Ltext1                                                             text1        000000
__Ltext10                                                            text10       000000
__Ltext11                                                            text11       000000
__Ltext12                                                            text12       000000
__Ltext13                                                            text13       000000
__Ltext14                                                            text14       000000
__Ltext15                                                            text15       000000
__Ltext16                                                            text16       000000
__Ltext17                                                            text17       000000
__Ltext18                                                            text18       000000
__Ltext19                                                            text19       000000
__Ltext2                                                             text2        000000
__Ltext20                                                            text20       000000
__Ltext21                                                            text21       000000
__Ltext22                                                            text22       000000
__Ltext23                                                            text23       000000
__Ltext24                                                            text24       000000
__Ltext25                                                            text25       000000
__Ltext26                                                            text26       000000
__Ltext27                                                            text27       000000
__Ltext28                                                            text28       000000
__Ltext29                                                            text29       000000
__Ltext3                                                             text3        000000
__Ltext30                                                            text30       000000
__Ltext31                                                            text31       000000
__Ltext32                                                            text32       000000
__Ltext33                                                            text33       000000
__Ltext34                                                            text34       000000
__Ltext35                                                            text35       000000
__Ltext36                                                            text36       000000
__Ltext37                                                            text37       000000
__Ltext38                                                            text38       000000
__Ltext39                                                            text39       000000
__Ltext4                                                             text4        000000
__Ltext40                                                            text40       000000
__Ltext41                                                            text41       000000
__Ltext42                                                            text42       000000
__Ltext43                                                            text43       000000
__Ltext44                                                            text44       000000
__Ltext45                                                            text45       000000
__Ltext46                                                            text46       000000
__Ltext47                                                            text47       000000
__Ltext48                                                            text48       000000
__Ltext49                                                            text49       000000
__Ltext5                                                             text5        000000
__Ltext50                                                            text50       000000
__Ltext51                                                            text51       000000
__Ltext52                                                            text52       000000
__Ltext53                                                            text53       000000
__Ltext54                                                            text54       000000
__Ltext55                                                            text55       000000
__Ltext57                                                            text57       000000
__Ltext6                                                             text6        000000
__Ltext7                                                             text7        000000
__Ltext8                                                             text8        000000
__Ltext9                                                             text9        000000
__S0                                                                 (abs)        30000E
__S1                                                                 (abs)        000100
__S2                                                                 (abs)        000000
___aodiv                                                             text22       002BA2
___aodiv@counter                                                     cstackCOMRAM 000011
___aodiv@dividend                                                    cstackCOMRAM 000001
___aodiv@divisor                                                     cstackCOMRAM 000009
___aodiv@quotient                                                    cstackCOMRAM 000013
___aodiv@sign                                                        cstackCOMRAM 000012
___aomod                                                             text21       0030EA
___aomod@counter                                                     cstackCOMRAM 000011
___aomod@dividend                                                    cstackCOMRAM 000001
___aomod@divisor                                                     cstackCOMRAM 000009
___aomod@sign                                                        cstackCOMRAM 000012
___fladd                                                             text45       001C14
___fladd@a                                                           cstackCOMRAM 000005
___fladd@aexp                                                        cstackCOMRAM 00000E
___fladd@b                                                           cstackCOMRAM 000001
___fladd@bexp                                                        cstackCOMRAM 00000F
___fladd@grs                                                         cstackCOMRAM 000010
___fladd@signs                                                       cstackCOMRAM 00000D
___flmul                                                             text46       001892
___flmul@a                                                           cstackCOMRAM 000013
___flmul@aexp                                                        cstackCOMRAM 000020
___flmul@b                                                           cstackCOMRAM 00000F
___flmul@bexp                                                        cstackCOMRAM 000021
___flmul@grs                                                         cstackCOMRAM 00001C
___flmul@prod                                                        cstackCOMRAM 000022
___flmul@sign                                                        cstackCOMRAM 00001B
___flmul@temp                                                        cstackCOMRAM 000026
___flsub                                                             text44       003AC8
___flsub@a                                                           cstackCOMRAM 00002C
___flsub@b                                                           cstackCOMRAM 000028
___fltol                                                             text50       0032FE
___fltol@exp1                                                        cstackCOMRAM 000047
___fltol@f1                                                          cstackCOMRAM 00003E
___fltol@sign1                                                       cstackCOMRAM 000046
___inthi_sp                                                          stack        000000
___intlo_sp                                                          stack        000000
___lldiv                                                             text49       003770
___lldiv@counter                                                     cstackCOMRAM 000011
___lldiv@dividend                                                    cstackCOMRAM 000005
___lldiv@divisor                                                     cstackCOMRAM 000009
___lldiv@quotient                                                    cstackCOMRAM 00000D
___lodiv                                                             text15       003222
___lodiv@counter                                                     cstackCOMRAM 000019
___lodiv@dividend                                                    cstackCOMRAM 000001
___lodiv@divisor                                                     cstackCOMRAM 000009
___lodiv@quotient                                                    cstackCOMRAM 000011
___lomod                                                             text14       00355E
___lomod@counter                                                     cstackCOMRAM 000011
___lomod@dividend                                                    cstackCOMRAM 000001
___lomod@divisor                                                     cstackCOMRAM 000009
___param_bank                                                        (abs)        000000
___rparam_used                                                       (abs)        000001
___sp                                                                stack        000000
___wmul                                                              text32       003D9A
___wmul@multiplicand                                                 cstackCOMRAM 000003
___wmul@multiplier                                                   cstackCOMRAM 000001
___wmul@product                                                      cstackCOMRAM 000005
___xxtofl                                                            text43       002CFE
___xxtofl@arg                                                        cstackCOMRAM 00000B
___xxtofl@exp                                                        cstackCOMRAM 00000A
___xxtofl@sign                                                       cstackCOMRAM 000009
___xxtofl@val                                                        cstackCOMRAM 000001
__accesstop                                                          (abs)        000080
__activetblptr                                                       (abs)        000002
__cntErrataNOP_/tmp/xcXJngLjL.o                                      (abs)        000001
__cntErrataNOP_dist/default/production/EE475_Capstone.X.production.o (abs)        00019E
__end_of_ADC_Init                                                    text48       003EC4
__end_of_ADC_Read                                                    text47       003AC8
__end_of_ReadTime                                                    text55       003E44
__end_of_Timer0_Init                                                 text54       003DEA
__end_of_Timer0_StartTimer                                           text53       003EDE
__end_of_Timer0_StopTimer                                            text52       003ED6
__end_of_UARTNewLine                                                 text37       003E58
__end_of_UARTRecieveChar                                             text51       003D9A
__end_of_UARTSendChar                                                text38       003E6C
__end_of_UARTSendString                                              text36       003912
__end_of___aodiv                                                     text22       002CFE
__end_of___aomod                                                     text21       003222
__end_of___fladd                                                     text45       001F58
__end_of___flmul                                                     text46       001C14
__end_of___flsub                                                     text44       003B12
__end_of___fltol                                                     text50       0033D2
__end_of___lldiv                                                     text49       003800
__end_of___lodiv                                                     text15       0032FE
__end_of___lomod                                                     text14       00361A
__end_of___wmul                                                      text32       003DC4
__end_of___xxtofl                                                    text43       002E5A
__end_of__initialization                                             cinit        003C0E
__end_of_abs                                                         text20       003C94
__end_of_atoi                                                        text29       002BA2
__end_of_ctoa                                                        text23       003A74
__end_of_dtoa                                                        text19       002488
__end_of_fgetc                                                       text34       00388A
__end_of_fputc                                                       text27       0036C6
__end_of_fputs                                                       text26       003BE0
__end_of_get_temp                                                    text42       00349C
__end_of_getch                                                       text35       003ECE
__end_of_getchar                                                     text33       003EA6
__end_of_initialize_RX                                               text41       003E94
__end_of_initialize_TX                                               text40       003E80
__end_of_int_to_char                                                 text4        003B5A
__end_of_interrupt_enable                                            text39       003EB6
__end_of_isalpha                                                     text12       003C58
__end_of_isdigit                                                     text31       003D3C
__end_of_islower                                                     text10       003CCC
__end_of_isspace                                                     text30       003B9E
__end_of_isupper                                                     text11       003D04
__end_of_main                                                        text0        00221E
__end_of_otoa                                                        text18       002A3C
__end_of_pad                                                         text24       003770
__end_of_putch                                                       text28       003EF4
__end_of_read_SRAM                                                   text2        002FA6
__end_of_read_op                                                     text3        003E2E
__end_of_sprintf                                                     text5        0039C8
__end_of_stoa                                                        text17       0030EA
__end_of_strlen                                                      text25       003D6E
__end_of_strncmp                                                     text16       00355E
__end_of_timingISR                                                   intcode      000034
__end_of_toupper                                                     text9        003A1E
__end_of_utoa                                                        text13       0028A2
__end_of_vfpfcnvrt                                                   text7        001892
__end_of_vfprintf                                                    text6        003972
__end_of_write_op                                                    text1        003E0C
__end_of_xtoa                                                        text8        0026E0
__end_ofi2_Timer0_StartTimer                                         text57       003EE6
__initialization                                                     cinit        003BE0
__mediumconst                                                        mediumconst  000000
__pbssBANK0                                                          bssBANK0     0000BF
__pbssCOMRAM                                                         bssCOMRAM    00007E
__pcinit                                                             cinit        003BE0
__pcstackBANK0                                                       cstackBANK0  000080
__pcstackCOMRAM                                                      cstackCOMRAM 000001
__pdataBANK0                                                         dataBANK0    0000F9
__pidataBANK0                                                        idataBANK0   003EE6
__pintcode                                                           intcode      000008
__psmallconst                                                        smallconst   000600
__ptext0                                                             text0        001F58
__ptext1                                                             text1        003DEA
__ptext10                                                            text10       003C94
__ptext11                                                            text11       003CCC
__ptext12                                                            text12       003C1C
__ptext13                                                            text13       0026E0
__ptext14                                                            text14       00355E
__ptext15                                                            text15       003222
__ptext16                                                            text16       00349C
__ptext17                                                            text17       002FA6
__ptext18                                                            text18       0028A2
__ptext19                                                            text19       00221E
__ptext2                                                             text2        002E5A
__ptext20                                                            text20       003C58
__ptext21                                                            text21       0030EA
__ptext22                                                            text22       002BA2
__ptext23                                                            text23       003A1E
__ptext24                                                            text24       0036C6
__ptext25                                                            text25       003D3C
__ptext26                                                            text26       003B9E
__ptext27                                                            text27       00361A
__ptext28                                                            text28       003EEE
__ptext29                                                            text29       002A3C
__ptext3                                                             text3        003E0C
__ptext30                                                            text30       003B5A
__ptext31                                                            text31       003D04
__ptext32                                                            text32       003D9A
__ptext33                                                            text33       003E94
__ptext34                                                            text34       003800
__ptext35                                                            text35       003EC4
__ptext36                                                            text36       00388A
__ptext37                                                            text37       003E44
__ptext38                                                            text38       003E58
__ptext39                                                            text39       003EA6
__ptext4                                                             text4        003B12
__ptext40                                                            text40       003E6C
__ptext41                                                            text41       003E80
__ptext42                                                            text42       0033D2
__ptext43                                                            text43       002CFE
__ptext44                                                            text44       003AC8
__ptext45                                                            text45       001C14
__ptext46                                                            text46       001892
__ptext47                                                            text47       003A74
__ptext48                                                            text48       003EB6
__ptext49                                                            text49       003770
__ptext5                                                             text5        003972
__ptext50                                                            text50       0032FE
__ptext51                                                            text51       003D6E
__ptext52                                                            text52       003ECE
__ptext53                                                            text53       003ED6
__ptext54                                                            text54       003DC4
__ptext55                                                            text55       003E2E
__ptext57                                                            text57       003EDE
__ptext6                                                             text6        003912
__ptext7                                                             text7        0006F2
__ptext8                                                             text8        002488
__ptext9                                                             text9        0039C8
__ramtop                                                             ramtop       000600
__size_of_ADC_Init                                                   (abs)        000000
__size_of_ADC_Read                                                   (abs)        000000
__size_of_ReadTime                                                   (abs)        000000
__size_of_Timer0_Init                                                (abs)        000000
__size_of_Timer0_StartTimer                                          (abs)        000000
__size_of_Timer0_StopTimer                                           (abs)        000000
__size_of_UARTNewLine                                                (abs)        000000
__size_of_UARTRecieveChar                                            (abs)        000000
__size_of_UARTSendChar                                               (abs)        000000
__size_of_UARTSendString                                             (abs)        000000
__size_of___aodiv                                                    (abs)        000000
__size_of___aomod                                                    (abs)        000000
__size_of___fladd                                                    (abs)        000000
__size_of___flmul                                                    (abs)        000000
__size_of___flsub                                                    (abs)        000000
__size_of___fltol                                                    (abs)        000000
__size_of___lldiv                                                    (abs)        000000
__size_of___lodiv                                                    (abs)        000000
__size_of___lomod                                                    (abs)        000000
__size_of___wmul                                                     (abs)        000000
__size_of___xxtofl                                                   (abs)        000000
__size_of_abs                                                        (abs)        000000
__size_of_atoi                                                       (abs)        000000
__size_of_ctoa                                                       (abs)        000000
__size_of_dtoa                                                       (abs)        000000
__size_of_fgetc                                                      (abs)        000000
__size_of_fputc                                                      (abs)        000000
__size_of_fputs                                                      (abs)        000000
__size_of_get_temp                                                   (abs)        000000
__size_of_getch                                                      (abs)        000000
__size_of_getchar                                                    (abs)        000000
__size_of_initialize_RX                                              (abs)        000000
__size_of_initialize_TX                                              (abs)        000000
__size_of_int_to_char                                                (abs)        000000
__size_of_interrupt_enable                                           (abs)        000000
__size_of_isalpha                                                    (abs)        000000
__size_of_isdigit                                                    (abs)        000000
__size_of_islower                                                    (abs)        000000
__size_of_isspace                                                    (abs)        000000
__size_of_isupper                                                    (abs)        000000
__size_of_main                                                       (abs)        000000
__size_of_otoa                                                       (abs)        000000
__size_of_pad                                                        (abs)        000000
__size_of_putch                                                      (abs)        000000
__size_of_read_SRAM                                                  (abs)        000000
__size_of_read_op                                                    (abs)        000000
__size_of_sprintf                                                    (abs)        000000
__size_of_stoa                                                       (abs)        000000
__size_of_strlen                                                     (abs)        000000
__size_of_strncmp                                                    (abs)        000000
__size_of_timingISR                                                  (abs)        000000
__size_of_toupper                                                    (abs)        000000
__size_of_utoa                                                       (abs)        000000
__size_of_vfpfcnvrt                                                  (abs)        000000
__size_of_vfprintf                                                   (abs)        000000
__size_of_write_op                                                   (abs)        000000
__size_of_xtoa                                                       (abs)        000000
__size_ofi2_Timer0_StartTimer                                        (abs)        000000
__smallconst                                                         smallconst   000600
_abs                                                                 text20       003C58
_address                                                             bssBANK0     0000D6
_atoi                                                                text29       002A3C
_atoi$1698                                                           cstackCOMRAM 000010
_atoi$1699                                                           cstackCOMRAM 000014
_atoi$1700                                                           cstackCOMRAM 000012
_ctoa                                                                text23       003A1E
_dbuf                                                                bssBANK0     0000D9
_dtoa                                                                text19       00221E
_dtoa$1052                                                           cstackCOMRAM 00002E
_errno                                                               bssBANK0     0000CC
_fgetc                                                               text34       003800
_flags                                                               bssBANK0     0000D4
_fputc                                                               text27       00361A
_fputs                                                               text26       003B9E
_get_temp                                                            text42       0033D2
_getch                                                               text35       003EC4
_getchar                                                             text33       003E94
_initialize_RX                                                       text41       003E80
_initialize_TX                                                       text40       003E6C
_int_to_char                                                         text4        003B12
_interrupt_enable                                                    text39       003EA6
_isalpha                                                             text12       003C1C
_isdigit                                                             text31       003D04
_islower                                                             text10       003C94
_isspace                                                             text30       003B5A
_isspace$1735                                                        cstackCOMRAM 000007
_isupper                                                             text11       003CCC
_lcd                                                                 bssBANK0     0000BF
_main                                                                text0        001F58
_main$2137                                                           cstackBANK0  0000B0
_main$2138                                                           cstackBANK0  0000B4
_nout                                                                bssBANK0     0000CE
_otoa                                                                text18       0028A2
_pad                                                                 text24       0036C6
_prec                                                                bssBANK0     0000D2
_putch                                                               text28       003EEE
_read_SRAM                                                           text2        002E5A
_read_op                                                             text3        003E0C
_sprintf                                                             text5        003972
_stoa                                                                text17       002FA6
_strlen                                                              text25       003D3C
_strncmp                                                             text16       00349C
_time_ms                                                             bssBANK0     0000C8
_time_ms_2                                                           bssBANK0     0000C4
_timingISR                                                           intcode      000008
_toupper                                                             text9        0039C8
_toupper$1855                                                        cstackCOMRAM 00000D
_ungetcnt                                                            bssCOMRAM    00007E
_utoa                                                                text13       0026E0
_vfpfcnvrt                                                           text7        0006F2
_vfpfcnvrt$1103                                                      cstackCOMRAM 00005B
_vfpfcnvrt$1104                                                      cstackCOMRAM 00005D
_vfprintf                                                            text6        003912
_width                                                               bssBANK0     0000D0
_write_op                                                            text1        003DEA
_xtoa                                                                text8        002488
_xtoa$1088                                                           cstackCOMRAM 00002F
_xtoa$1089                                                           cstackCOMRAM 000031
abs@a                                                                cstackCOMRAM 000013
atoi@n                                                               cstackCOMRAM 000015
atoi@neg                                                             cstackCOMRAM 00000E
atoi@s                                                               cstackCOMRAM 000008
btemp                                                                temp         00007F
ctoa@c                                                               cstackCOMRAM 00001E
ctoa@fp                                                              cstackCOMRAM 00001C
ctoa@w                                                               cstackCOMRAM 00001F
dtoa@d                                                               cstackCOMRAM 00001E
dtoa@fp                                                              cstackCOMRAM 00001C
dtoa@i                                                               cstackCOMRAM 00003E
dtoa@n                                                               cstackCOMRAM 000036
dtoa@p                                                               cstackCOMRAM 000030
dtoa@s                                                               cstackCOMRAM 000034
dtoa@w                                                               cstackCOMRAM 000032
end_of_initialization                                                cinit        003C0E
fgetc@c                                                              cstackCOMRAM 00000A
fgetc@fp                                                             cstackCOMRAM 000003
fputc@c                                                              cstackCOMRAM 000001
fputc@fp                                                             cstackCOMRAM 000003
fputs@c                                                              cstackCOMRAM 00000E
fputs@fp                                                             cstackCOMRAM 00000C
fputs@i                                                              cstackCOMRAM 00000F
fputs@s                                                              cstackCOMRAM 00000A
get_temp@adc_voltage                                                 cstackCOMRAM 00003C
get_temp@real_voltage                                                cstackCOMRAM 000034
get_temp@temp                                                        cstackCOMRAM 000038
i2_Timer0_StartTimer                                                 text57       003EDE
int$flags                                                            temp         00007F
int_to_char@num                                                      cstackCOMRAM 00007A
int_to_char@result                                                   cstackBANK0  000092
int_to_char@the_num                                                  cstackBANK0  00009C
intlevel0                                                            text         003EF4
[...]
      Params:         8       0       0       0       0       0       0
      Locals:         4       0       0       0       0       0       0
      Temps:          4       0       0       0       0       0       0
      Totals:        16       0       0       0       0       0       0
Total ram usage:       16 bytes
 Hardware stack levels used:    1
 Hardware stack levels required when called:    2
 This function calls:
		Nothing
 This function is called by:
		___flsub
 This function uses a non-reentrant model


 *************** function ___flmul *****************
 Defined at:
		line 8 in file "/opt/microchip/xc8/v2.05/pic/sources/c99/common/sprcmul.c"
 Parameters:    Size  Location     Type
  b               4   14[COMRAM] unsigned char 
  a               4   18[COMRAM] unsigned char 
 Auto vars:     Size  Location     Type
  prod            4   33[COMRAM] struct .
  grs             4   27[COMRAM] unsigned long 
  temp            2   37[COMRAM] struct .
  bexp            1   32[COMRAM] unsigned char 
  aexp            1   31[COMRAM] unsigned char 
  sign            1   26[COMRAM] unsigned char 
 Return value:  Size  Location     Type
                  4   14[COMRAM] unsigned char 
 Registers used:
		wreg, status,2, status,0, prodl, prodh
 Tracked objects:
		On entry : 
		On exit  : 
		Unchanged: 
 Data sizes:     COMRAM   BANK0   BANK1   BANK2   BANK3   BANK4   BANK5
      Params:         8       0       0       0       0       0       0
      Locals:        13       0       0       0       0       0       0
      Temps:          4       0       0       0       0       0       0
      Totals:        25       0       0       0       0       0       0
Total ram usage:       25 bytes
 Hardware stack levels used:    1
 Hardware stack levels required when called:    2
 This function calls:
		Nothing
 This function is called by:
		_get_temp
 This function uses a non-reentrant model


 *************** function _ADC_Read *****************
 Defined at:
		line 28 in file "adc.c"
 Parameters:    Size  Location     Type
  channel         1    wreg     unsigned char 
 Auto vars:     Size  Location     Type
  channel         1    4[COMRAM] unsigned char 
 Return value:  Size  Location     Type
                  2    0[COMRAM] unsigned int 
 Registers used:
		wreg, status,2, status,0
 Tracked objects:
		On entry : 
		On exit  : 
		Unchanged: 
 Data sizes:     COMRAM   BANK0   BANK1   BANK2   BANK3   BANK4   BANK5
      Params:         2       0       0       0       0       0       0
      Locals:         1       0       0       0       0       0       0
      Temps:          2       0       0       0       0       0       0
      Totals:         5       0       0       0       0       0       0
Total ram usage:        5 bytes
 Hardware stack levels used:    1
 Hardware stack levels required when called:    2
 This function calls:
		Nothing
 This function is called by:
		_get_temp
 This function uses a non-reentrant model


 *************** function _ADC_Init *****************
 Defined at:
		line 23 in file "adc.c"
 Parameters:    Size  Location     Type
		None
 Auto vars:     Size  Location     Type
		None
 Return value:  Size  Location     Type
                  1    wreg      void 
 Registers used:
		wreg, status,2
 Tracked objects:
		On entry : 
		On exit  : 
		Unchanged: 
 Data sizes:     COMRAM   BANK0   BANK1   BANK2   BANK3   BANK4   BANK5
      Params:         0       0       0       0       0       0       0
      Locals:         0       0       0       0       0       0       0
      Temps:          0       0       0       0       0       0       0
      Totals:         0       0       0       0       0       0       0
Total ram usage:        0 bytes
 Hardware stack levels used:    1
 Hardware stack levels required when called:    2
 This function calls:
		Nothing
 This function is called by:
		_get_temp
 This function uses a non-reentrant model


 *************** function ___lldiv *****************
 Defined at:
		line 7 in file "/opt/microchip/xc8/v2.05/pic/sources/c99/common/__lldiv.c"
 Parameters:    Size  Location     Type
  dividend        4    4[COMRAM] unsigned long 
  divisor         4    8[COMRAM] unsigned long 
 Auto vars:     Size  Location     Type
  quotient        4   12[COMRAM] unsigned long 
  counter         1   16[COMRAM] unsigned char 
 Return value:  Size  Location     Type
                  4    4[COMRAM] unsigned long 
 Registers used:
		wreg, status,2, status,0
 Tracked objects:
		On entry : 
		On exit  : 
		Unchanged: 
 Data sizes:     COMRAM   BANK0   BANK1   BANK2   BANK3   BANK4   BANK5
      Params:         8       0       0       0       0       0       0
      Locals:         5       0       0       0       0       0       0
      Temps:          0       0       0       0       0       0       0
      Totals:        13       0       0       0       0       0       0
Total ram usage:       13 bytes
 Hardware stack levels used:    1
 Hardware stack levels required when called:    2
 This function calls:
		Nothing
 This function is called by:
		_main
 This function uses a non-reentrant model


 *************** function ___fltol *****************
 Defined at:
		line 43 in file "/opt/microchip/xc8/v2.05/pic/sources/c99/common/fltol.c"
 Parameters:    Size  Location     Type
  f1              4   61[COMRAM] unsigned long 
 Auto vars:     Size  Location     Type
  exp1            1   70[COMRAM] unsigned char 
  sign1           1   69[COMRAM] unsigned char 
 Return value:  Size  Location     Type
                  4   61[COMRAM] long 
 Registers used:
		wreg, status,2, status,0
 Tracked objects:
		On entry : 
		On exit  : 
		Unchanged: 
 Data sizes:     COMRAM   BANK0   BANK1   BANK2   BANK3   BANK4   BANK5
      Params:         4       0       0       0       0       0       0
      Locals:         2       0       0       0       0       0       0
      Temps:          4       0       0       0       0       0       0
      Totals:        10       0       0       0       0       0       0
Total ram usage:       10 bytes
 Hardware stack levels used:    1
 Hardware stack levels required when called:    2
 This function calls:
		Nothing
 This function is called by:
		_main
 This function uses a non-reentrant model


 *************** function _UARTRecieveChar *****************
 Defined at:
		line 53 in file "serial.c"
 Parameters:    Size  Location     Type
		None
 Auto vars:     Size  Location     Type
		None
 Return value:  Size  Location     Type
                  1    wreg      unsigned char 
 Registers used:
		wreg, status,2
 Tracked objects:
		On entry : 
		On exit  : 
		Unchanged: 
 Data sizes:     COMRAM   BANK0   BANK1   BANK2   BANK3   BANK4   BANK5
      Params:         0       0       0       0       0       0       0
      Locals:         0       0       0       0       0       0       0
      Temps:          1       0       0       0       0       0       0
      Totals:         1       0       0       0       0       0       0
Total ram usage:        1 bytes
 Hardware stack levels used:    1
 Hardware stack levels required when called:    2
 This function calls:
		Nothing
 This function is called by:
		_main
 This function uses a non-reentrant model


 *************** function _Timer0_StopTimer *****************
 Defined at:
		line 26 in file "timer.c"
 Parameters:    Size  Location     Type
		None
 Auto vars:     Size  Location     Type
		None
 Return value:  Size  Location     Type
                  2  119[None  ] int 
 Registers used:
		None
 Tracked objects:
		On entry : 
		On exit  : 
		Unchanged: 
 Data sizes:     COMRAM   BANK0   BANK1   BANK2   BANK3   BANK4   BANK5
      Params:         0       0       0       0       0       0       0
      Locals:         0       0       0       0       0       0       0
      Temps:          0       0       0       0       0       0       0
      Totals:         0       0       0       0       0       0       0
Total ram usage:        0 bytes
 Hardware stack levels used:    1
 Hardware stack levels required when called:    2
 This function calls:
		Nothing
 This function is called by:
		_main
 This function uses a non-reentrant model


 *************** function _Timer0_StartTimer *****************
 Defined at:
		line 21 in file "timer.c"
 Parameters:    Size  Location     Type
		None
 Auto vars:     Size  Location     Type
		None
 Return value:  Size  Location     Type
                  2  109[None  ] int 
 Registers used:
		None
 Tracked objects:
		On entry : 
		On exit  : 
		Unchanged: 
 Data sizes:     COMRAM   BANK0   BANK1   BANK2   BANK3   BANK4   BANK5
      Params:         0       0       0       0       0       0       0
      Locals:         0       0       0       0       0       0       0
      Temps:          0       0       0       0       0       0       0
      Totals:         0       0       0       0       0       0       0
Total ram usage:        0 bytes
 Hardware stack levels used:    1
 Hardware stack levels required when called:    2
 This function calls:
		Nothing
 This function is called by:
		_main
 This function uses a non-reentrant model


 *************** function _Timer0_Init *****************
 Defined at:
		line 8 in file "timer.c"
 Parameters:    Size  Location     Type
		None
 Auto vars:     Size  Location     Type
		None
 Return value:  Size  Location     Type
                  1    wreg      void 
 Registers used:
		wreg, status,2
 Tracked objects:
		On entry : 
		On exit  : 
		Unchanged: 
 Data sizes:     COMRAM   BANK0   BANK1   BANK2   BANK3   BANK4   BANK5
      Params:         0       0       0       0       0       0       0
      Locals:         0       0       0       0       0       0       0
      Temps:          0       0       0       0       0       0       0
      Totals:         0       0       0       0       0       0       0
Total ram usage:        0 bytes
 Hardware stack levels used:    1
 Hardware stack levels required when called:    2
 This function calls:
		Nothing
 This function is called by:
		_main
 This function uses a non-reentrant model


 *************** function _ReadTime *****************
 Defined at:
		line 17 in file "timer.c"
 Parameters:    Size  Location     Type
		None
 Auto vars:     Size  Location     Type
		None
 Return value:  Size  Location     Type
                  4    0[COMRAM] unsigned long 
 Registers used:
		None
 Tracked objects:
		On entry : 
		On exit  : 
		Unchanged: 
 Data sizes:     COMRAM   BANK0   BANK1   BANK2   BANK3   BANK4   BANK5
      Params:         4       0       0       0       0       0       0
      Locals:         0       0       0       0       0       0       0
      Temps:          0       0       0       0       0       0       0
      Totals:         4       0       0       0       0       0       0
Total ram usage:        4 bytes
 Hardware stack levels used:    1
 Hardware stack levels required when called:    2
 This function calls:
		Nothing
 This function is called by:
		_main
 This function uses a non-reentrant model


 *************** function _timingISR *****************
 Defined at:
		line 31 in file "timer.c"
 Parameters:    Size  Location     Type
		None
 Auto vars:     Size  Location     Type
		None
 Return value:  Size  Location     Type
                  1    wreg      void 
 Registers used:
		wreg, status,2, status,0, cstack
 Tracked objects:
		On entry : 
		On exit  : 
		Unchanged: 
 Data sizes:     COMRAM   BANK0   BANK1   BANK2   BANK3   BANK4   BANK5
      Params:         0       0       0       0       0       0       0
      Locals:         0       0       0       0       0       0       0
      Temps:          0       0       0       0       0       0       0
      Totals:         0       0       0       0       0       0       0
Total ram usage:        0 bytes
 Hardware stack levels used:    1
 Hardware stack levels required when called:    1
 This function calls:
		i2_Timer0_StartTimer
 This function is called by:
		Interrupt level 2
 This function uses a non-reentrant model


 *************** function i2_Timer0_StartTimer *****************
 Defined at:
		line 21 in file "timer.c"
 Parameters:    Size  Location     Type
		None
 Auto vars:     Size  Location     Type
		None
 Return value:  Size  Location     Type
                  2    0[None  ] int 
 Registers used:
		None
 Tracked objects:
		On entry : 
		On exit  : 
		Unchanged: 
 Data sizes:     COMRAM   BANK0   BANK1   BANK2   BANK3   BANK4   BANK5
      Params:         0       0       0       0       0       0       0
      Locals:         0       0       0       0       0       0       0
      Temps:          0       0       0       0       0       0       0
      Totals:         0       0       0       0       0       0       0
Total ram usage:        0 bytes
 Hardware stack levels used:    1
 This function calls:
		Nothing
 This function is called by:
		_timingISR
 This function uses a non-reentrant model



MODULE INFORMATION

Module		Function		Class		Link	Load	Size
/opt/microchip/xc8/v2.05/pic/sources/c99/common/strncmp.c
		_strncmp       		CODE           	349C	0000	195

/opt/microchip/xc8/v2.05/pic/sources/c99/common/strncmp.c estimated size: 195

/opt/microchip/xc8/v2.05/pic/sources/c99/common/sprcmul.c
		___flmul       		CODE           	1892	0000	899

/opt/microchip/xc8/v2.05/pic/sources/c99/common/sprcmul.c estimated size: 899

serial.c
		_UARTSendString		CODE           	388A	0000	137
		_UARTNewLine   		CODE           	3E44	0000	21
		_UARTRecieveChar		CODE           	3D6E	0000	45
		_interrupt_enable		CODE           	3EA6	0000	17
		_UARTSendChar  		CODE           	3E58	0000	21
		_initialize_RX 		CODE           	3E80	0000	21
		_initialize_TX 		CODE           	3E6C	0000	21

serial.c estimated size: 283

/opt/microchip/xc8/v2.05/pic/sources/c99/common/Umul16.c
		___wmul        		CODE           	3D9A	0000	43

/opt/microchip/xc8/v2.05/pic/sources/c99/common/Umul16.c estimated size: 43

/opt/microchip/xc8/v2.05/pic/sources/c99/common/__lldiv.c
		___lldiv       		CODE           	3770	0000	145

/opt/microchip/xc8/v2.05/pic/sources/c99/common/__lldiv.c estimated size: 145

/opt/microchip/xc8/v2.05/pic/sources/c99/common/nf_fputc.c
		_fputc         		CODE           	361A	0000	173

/opt/microchip/xc8/v2.05/pic/sources/c99/common/nf_fputc.c estimated size: 173

/opt/microchip/xc8/v2.05/pic/sources/c99/common/lomod.c
		___lomod       		CODE           	355E	0000	189

/opt/microchip/xc8/v2.05/pic/sources/c99/common/lomod.c estimated size: 189

temp_adc.c
		_get_temp      		CODE           	33D2	0000	203

temp_adc.c estimated size: 203

drive_memory.c
		_write_op      		CODE           	3DEA	0000	35
		_read_op       		CODE           	3E0C	0000	35

drive_memory.c estimated size: 70

timer.c
		_Timer0_Init   		CODE           	3DC4	0000	39
		_Timer0_StopTimer		CODE           	3ECE	0000	9
		_Timer0_StartTimer		CODE           	3ED6	0000	9
		_ReadTime      		CODE           	3E2E	0000	23
		_timingISR     		CODE           	0008	0000	45

timer.c estimated size: 125

/opt/microchip/xc8/v2.05/pic/sources/c99/common/putch.c
		_putch         		CODE           	3EEE	0000	7

/opt/microchip/xc8/v2.05/pic/sources/c99/common/putch.c estimated size: 7

/opt/microchip/xc8/v2.05/pic/sources/c99/common/aomod.c
		___aomod       		CODE           	30EA	0000	313

/opt/microchip/xc8/v2.05/pic/sources/c99/common/aomod.c estimated size: 313

/opt/microchip/xc8/v2.05/pic/sources/c99/common/isdigit.c
		_isdigit       		CODE           	3D04	0000	57

/opt/microchip/xc8/v2.05/pic/sources/c99/common/isdigit.c estimated size: 57

/opt/microchip/xc8/v2.05/pic/sources/c99/common/sprcadd.c
		___flsub       		CODE           	3AC8	0000	75
		___fladd       		CODE           	1C14	0000	837

/opt/microchip/xc8/v2.05/pic/sources/c99/common/sprcadd.c estimated size: 912

/opt/microchip/xc8/v2.05/pic/sources/c99/common/xxtofl.c
		___xxtofl      		CODE           	2CFE	0000	349

/opt/microchip/xc8/v2.05/pic/sources/c99/common/xxtofl.c estimated size: 349

adc.c
		_ADC_Read      		CODE           	3A74	0000	85
		_ADC_Init      		CODE           	3EB6	0000	15

adc.c estimated size: 100

/opt/microchip/xc8/v2.05/pic/sources/c99/common/atoi.c
		_atoi          		CODE           	2A3C	0000	359

/opt/microchip/xc8/v2.05/pic/sources/c99/common/atoi.c estimated size: 359

/opt/microchip/xc8/v2.05/pic/sources/c99/common/strlen.c
		_strlen        		CODE           	3D3C	0000	51

/opt/microchip/xc8/v2.05/pic/sources/c99/common/strlen.c estimated size: 51

/opt/microchip/xc8/v2.05/pic/sources/c99/common/nf_sprintf.c
		_sprintf       		CODE           	3972	0000	87

/opt/microchip/xc8/v2.05/pic/sources/c99/common/nf_sprintf.c estimated size: 87

/opt/microchip/xc8/v2.05/pic/sources/c99/common/lodiv.c
		___lodiv       		CODE           	3222	0000	221

/opt/microchip/xc8/v2.05/pic/sources/c99/common/lodiv.c estimated size: 221

/opt/microchip/xc8/v2.05/pic/sources/c99/common/nf_getc.c
		_fgetc         		CODE           	3800	0000	139

/opt/microchip/xc8/v2.05/pic/sources/c99/common/nf_getc.c estimated size: 139

/opt/microchip/xc8/v2.05/pic/sources/c99/common/isupper.c
		_isupper       		CODE           	3CCC	0000	57

/opt/microchip/xc8/v2.05/pic/sources/c99/common/isupper.c estimated size: 57

shared
		__initialization		CODE           	3BE0	0000	47
		i2_Timer0_StartTimer		CODE           	3EDE	0000	9

shared estimated size: 56

/opt/microchip/xc8/v2.05/pic/sources/c99/common/nf_fputs.c
		_fputs         		CODE           	3B9E	0000	67

/opt/microchip/xc8/v2.05/pic/sources/c99/common/nf_fputs.c estimated size: 67

/opt/microchip/xc8/v2.05/pic/sources/c99/common/getch.c
		_getch         		CODE           	3EC4	0000	11

/opt/microchip/xc8/v2.05/pic/sources/c99/common/getch.c estimated size: 11

/opt/microchip/xc8/v2.05/pic/sources/c99/common/fltol.c
		___fltol       		CODE           	32FE	0000	213

/opt/microchip/xc8/v2.05/pic/sources/c99/common/fltol.c estimated size: 213

/opt/microchip/xc8/v2.05/pic/sources/c99/common/abs.c
		_abs           		CODE           	3C58	0000	61

/opt/microchip/xc8/v2.05/pic/sources/c99/common/abs.c estimated size: 61

/opt/microchip/xc8/v2.05/pic/sources/c99/common/aodiv.c
		___aodiv       		CODE           	2BA2	0000	349

/opt/microchip/xc8/v2.05/pic/sources/c99/common/aodiv.c estimated size: 349

/opt/microchip/xc8/v2.05/pic/sources/c99/common/getchar.c
		_getchar       		CODE           	3E94	0000	19

/opt/microchip/xc8/v2.05/pic/sources/c99/common/getchar.c estimated size: 19

/opt/microchip/xc8/v2.05/pic/sources/c99/common/islower.c
		_islower       		CODE           	3C94	0000	57

/opt/microchip/xc8/v2.05/pic/sources/c99/common/islower.c estimated size: 57

lcd.c
		_int_to_char   		CODE           	3B12	0000	73

lcd.c estimated size: 73

/opt/microchip/xc8/v2.05/pic/sources/c99/common/toupper.c
		_toupper       		CODE           	39C8	0000	87

/opt/microchip/xc8/v2.05/pic/sources/c99/common/toupper.c estimated size: 87

/opt/microchip/xc8/v2.05/pic/sources/c99/common/isalpha.c
		_isalpha       		CODE           	3C1C	0000	61

/opt/microchip/xc8/v2.05/pic/sources/c99/common/isalpha.c estimated size: 61

main.c
		_main          		CODE           	1F58	0000	711
		_read_SRAM     		CODE           	2E5A	0000	333

main.c estimated size: 1044

/opt/microchip/xc8/v2.05/pic/sources/c99/common/isspace.c
		_isspace       		CODE           	3B5A	0000	69

/opt/microchip/xc8/v2.05/pic/sources/c99/common/isspace.c estimated size: 69

/opt/microchip/xc8/v2.05/pic/sources/c99/common/doprnt.c
		_vfpfcnvrt     		CODE           	06F2	0000	4513
		_pad           		CODE           	36C6	0000	171
		_ctoa          		CODE           	3A1E	0000	87
		_dtoa          		CODE           	221E	0000	619
		_vfprintf      		CODE           	3912	0000	97
		_otoa          		CODE           	28A2	0000	411
		_stoa          		CODE           	2FA6	0000	325
		_utoa          		CODE           	26E0	0000	451
		_xtoa          		CODE           	2488	0000	601

/opt/microchip/xc8/v2.05/pic/sources/c99/common/doprnt.c estimated size: 7275

